Archive member included to satisfy reference by file (symbol)

app/libapp.a(main.c.obj)      (--whole-archive)
zephyr/libzephyr.a(validate_libc.c.obj)
                              (--whole-archive)
zephyr/libzephyr.a(heap.c.obj)
                              (--whole-archive)
zephyr/libzephyr.a(cbprintf_packaged.c.obj)
                              (--whole-archive)
zephyr/libzephyr.a(clock.c.obj)
                              (--whole-archive)
zephyr/libzephyr.a(printk.c.obj)
                              (--whole-archive)
zephyr/libzephyr.a(sem.c.obj)
                              (--whole-archive)
zephyr/libzephyr.a(thread_entry.c.obj)
                              (--whole-archive)
zephyr/libzephyr.a(cbprintf_complete.c.obj)
                              (--whole-archive)
zephyr/libzephyr.a(assert.c.obj)
                              (--whole-archive)
zephyr/libzephyr.a(mpsc_pbuf.c.obj)
                              (--whole-archive)
zephyr/libzephyr.a(dec.c.obj)
                              (--whole-archive)
zephyr/libzephyr.a(hex.c.obj)
                              (--whole-archive)
zephyr/libzephyr.a(rb.c.obj)  (--whole-archive)
zephyr/libzephyr.a(timeutil.c.obj)
                              (--whole-archive)
zephyr/libzephyr.a(bitarray.c.obj)
                              (--whole-archive)
zephyr/libzephyr.a(bitmask.c.obj)
                              (--whole-archive)
zephyr/libzephyr.a(onoff.c.obj)
                              (--whole-archive)
zephyr/libzephyr.a(notify.c.obj)
                              (--whole-archive)
zephyr/libzephyr.a(ring_buffer.c.obj)
                              (--whole-archive)
zephyr/libzephyr.a(last_section_id.c.obj)
                              (--whole-archive)
zephyr/libzephyr.a(configs.c.obj)
                              (--whole-archive)
zephyr/libzephyr.a(thread_info.c.obj)
                              (--whole-archive)
zephyr/libzephyr.a(log_core.c.obj)
                              (--whole-archive)
zephyr/libzephyr.a(log_mgmt.c.obj)
                              (--whole-archive)
zephyr/libzephyr.a(log_cache.c.obj)
                              (--whole-archive)
zephyr/libzephyr.a(log_msg.c.obj)
                              (--whole-archive)
zephyr/libzephyr.a(log_output.c.obj)
                              (--whole-archive)
zephyr/libzephyr.a(log_backend_uart.c.obj)
                              (--whole-archive)
zephyr/libzephyr.a(mem_attr.c.obj)
                              (--whole-archive)
zephyr/libzephyr.a(tracing_none.c.obj)
                              (--whole-archive)
zephyr/libzephyr.a(banner.c.obj)
                              (--whole-archive)
zephyr/libzephyr.a(flash_map_partition_manager.c.obj)
                              (--whole-archive)
zephyr/arch/common/libarch__common.a(sw_isr_common.c.obj)
                              (--whole-archive)
zephyr/arch/common/libarch__common.a(init.c.obj)
                              (--whole-archive)
zephyr/arch/common/libarch__common.a(xip.c.obj)
                              (--whole-archive)
zephyr/arch/arch/arm/core/libarch__arm__core.a(fatal.c.obj)
                              (--whole-archive)
zephyr/arch/arch/arm/core/libarch__arm__core.a(nmi.c.obj)
                              (--whole-archive)
zephyr/arch/arch/arm/core/libarch__arm__core.a(nmi_on_reset.S.obj)
                              (--whole-archive)
zephyr/arch/arch/arm/core/libarch__arm__core.a(tls.c.obj)
                              (--whole-archive)
zephyr/arch/arch/arm/core/cortex_m/libarch__arm__core__cortex_m.a(exc_exit.c.obj)
                              (--whole-archive)
zephyr/arch/arch/arm/core/cortex_m/libarch__arm__core__cortex_m.a(fault.c.obj)
                              (--whole-archive)
zephyr/arch/arch/arm/core/cortex_m/libarch__arm__core__cortex_m.a(fault_s.S.obj)
                              (--whole-archive)
zephyr/arch/arch/arm/core/cortex_m/libarch__arm__core__cortex_m.a(fpu.c.obj)
                              (--whole-archive)
zephyr/arch/arch/arm/core/cortex_m/libarch__arm__core__cortex_m.a(reset.S.obj)
                              (--whole-archive)
zephyr/arch/arch/arm/core/cortex_m/libarch__arm__core__cortex_m.a(scb.c.obj)
                              (--whole-archive)
zephyr/arch/arch/arm/core/cortex_m/libarch__arm__core__cortex_m.a(thread_abort.c.obj)
                              (--whole-archive)
zephyr/arch/arch/arm/core/cortex_m/libarch__arm__core__cortex_m.a(vector_table.S.obj)
                              (--whole-archive)
zephyr/arch/arch/arm/core/cortex_m/libarch__arm__core__cortex_m.a(swap_helper.S.obj)
                              (--whole-archive)
zephyr/arch/arch/arm/core/cortex_m/libarch__arm__core__cortex_m.a(irq_manage.c.obj)
                              (--whole-archive)
zephyr/arch/arch/arm/core/cortex_m/libarch__arm__core__cortex_m.a(prep_c.c.obj)
                              (--whole-archive)
[...]
Memory Configuration

Name             Origin             Length             Attributes
FLASH            0x0000000000000000 0x0000000000165000 xr
RAM              0x0000000020000000 0x000000000002f000 xw
IDT_LIST         0x00000000ffff7fff 0x0000000000008000 xw
*default*        0x0000000000000000 0xffffffffffffffff

Linker script and memory map

                0x0000000000007160                vfprintf = __l_vfprintf
                0x0000000000000000                vfscanf = __l_vfscanf
LOAD zephyr/CMakeFiles/zephyr_final.dir/misc/empty_file.c.obj
LOAD zephyr/CMakeFiles/zephyr_final.dir/isr_tables.c.obj
LOAD zephyr/CMakeFiles/offsets.dir/./arch/arm/core/offsets/offsets.c.obj
LOAD app/libapp.a
LOAD zephyr/libzephyr.a
LOAD zephyr/arch/common/libarch__common.a
LOAD zephyr/arch/arch/arm/core/libarch__arm__core.a
LOAD zephyr/arch/arch/arm/core/cortex_m/libarch__arm__core__cortex_m.a
LOAD zephyr/arch/arch/arm/core/cortex_m/cmse/libarch__arm__core__cortex_m__cmse.a
LOAD zephyr/arch/arch/arm/core/mpu/libarch__arm__core__mpu.a
LOAD zephyr/lib/libc/picolibc/liblib__libc__picolibc.a
LOAD zephyr/lib/libc/common/liblib__libc__common.a
LOAD zephyr/soc/soc/nrf54l15/libsoc__nordic.a
LOAD zephyr/drivers/cache/libdrivers__cache.a
LOAD zephyr/drivers/clock_control/libdrivers__clock_control.a
LOAD zephyr/drivers/console/libdrivers__console.a
LOAD zephyr/drivers/gpio/libdrivers__gpio.a
LOAD zephyr/drivers/pinctrl/libdrivers__pinctrl.a
LOAD zephyr/drivers/serial/libdrivers__serial.a
LOAD zephyr/drivers/timer/libdrivers__timer.a
LOAD modules/nrf/subsys/nrf_security/src/zephyr/libmbedtls_zephyr.a
LOAD modules/hal_nordic/modules/hal_nordic/nrfx/libmodules__hal_nordic__nrfx.a
LOAD zephyr/kernel/libkernel.a
LOAD modules/nrf/subsys/nrf_security/src/libmbedcrypto.a
LOAD modules/nrf/subsys/nrf_security/src/core/nrf_oberon/libpsa_core.a
LOAD modules/nrf/subsys/nrf_security/src/drivers/cracen/libcracen_psa_driver.a
LOAD modules/nrf/subsys/nrf_security/src/libmbedcrypto_base.a
LOAD modules/nrf/subsys/nrf_security/src/libnrf_security_utils.a
LOAD zephyr/kernel/libkernel.a
LOAD zephyr/arch/common/libisr_tables.a
LOAD c:\ncs\toolchains\fd21892d0f\opt\zephyr-sdk\arm-zephyr-eabi\bin\../lib/gcc/../../picolibc/arm-zephyr-eabi/lib/thumb/v8-m.main/nofp\libc.a
LOAD c:/ncs/toolchains/fd21892d0f/opt/zephyr-sdk/arm-zephyr-eabi/bin/../lib/gcc/arm-zephyr-eabi/12.2.0/thumb/v8-m.main/nofp\libgcc.a
                0x0000000000000020                _region_min_align = 0x20

.rel.plt        0x0000000000000000        0x0
 *(SORT_BY_ALIGNMENT(.rel.plt))
                [!provide]                        PROVIDE (__rel_iplt_start = .)
 *(SORT_BY_ALIGNMENT(.rel.iplt))
 .rel.iplt      0x0000000000000000        0x0 zephyr/CMakeFiles/zephyr_final.dir/isr_tables.c.obj
                [!provide]                        PROVIDE (__rel_iplt_end = .)

.rela.plt       0x0000000000000000        0x0
 *(SORT_BY_ALIGNMENT(.rela.plt))
                [!provide]                        PROVIDE (__rela_iplt_start = .)
 *(SORT_BY_ALIGNMENT(.rela.iplt))
                [!provide]                        PROVIDE (__rela_iplt_end = .)

.rel.dyn
 *(SORT_BY_ALIGNMENT(.rel.*))

.rela.dyn
 *(SORT_BY_ALIGNMENT(.rela.*))

/DISCARD/
 *(SORT_BY_ALIGNMENT(.plt))

/DISCARD/
 *(SORT_BY_ALIGNMENT(.iplt))
                0x0000000000000000                __rom_region_start = 0x0

rom_start       0x0000000000000000      0x47c
                0x0000000000000000                __rom_start_address = .
 FILL mask 0x00
                0x0000000000000000                . = (. + (0x0 - (. - __rom_start_address)))
                0x0000000000000000                . = ALIGN (0x4)
                0x0000000000000000                . = ALIGN (0x80)
                0x0000000000000000                . = ALIGN (0x800)
                0x0000000000000000                _vector_start = .
 *(SORT_BY_ALIGNMENT(.exc_vector_table))
 *(SORT_BY_ALIGNMENT(.exc_vector_table.*))
 .exc_vector_table._vector_table_section
                0x0000000000000000       0x40 zephyr/arch/arch/arm/core/cortex_m/libarch__arm__core__cortex_m.a(vector_table.S.obj)
                0x0000000000000000                _vector_table
 *(SORT_BY_ALIGNMENT(.vectors))
                0x000000000000047c                _vector_end = .
                0x0000000000000040                . = ALIGN (0x4)
 *(SORT_BY_ALIGNMENT(.gnu.linkonce.irq_vector_table*))
 .gnu.linkonce.irq_vector_table
                0x0000000000000040      0x43c zephyr/CMakeFiles/zephyr_final.dir/isr_tables.c.obj
                0x0000000000000040                _irq_vector_table
                0x000000000000047c                _vector_end = .

text            0x000000000000047c     0xa6a4
                0x000000000000047c                __text_region_start = .
 *(SORT_BY_ALIGNMENT(.text))
 .text          0x000000000000047c       0x30 c:/ncs/toolchains/fd21892d0f/opt/zephyr-sdk/arm-zephyr-eabi/bin/../lib/gcc/arm-zephyr-eabi/12.2.0/thumb/v8-m.main/nofp\libgcc.a(_aeabi_uldivmod.o)
                0x000000000000047c                __aeabi_uldivmod
 .text          0x00000000000004ac        0x4 c:/ncs/toolchains/fd21892d0f/opt/zephyr-sdk/arm-zephyr-eabi/bin/../lib/gcc/arm-zephyr-eabi/12.2.0/thumb/v8-m.main/nofp\libgcc.a(_dvmd_tls.o)
                0x00000000000004ac                __aeabi_idiv0
                0x00000000000004ac                __aeabi_ldiv0
 .text          0x00000000000004b0       0x10 c:\ncs\toolchains\fd21892d0f\opt\zephyr-sdk\arm-zephyr-eabi\bin\../lib/gcc/../../picolibc/arm-zephyr-eabi/lib/thumb/v8-m.main/nofp\libc.a(strlen.S.o)
                0x00000000000004b0                strlen
 .text          0x00000000000004c0      0x29c c:/ncs/toolchains/fd21892d0f/opt/zephyr-sdk/arm-zephyr-eabi/bin/../lib/gcc/arm-zephyr-eabi/12.2.0/thumb/v8-m.main/nofp\libgcc.a(_udivmoddi4.o)
                0x00000000000004c0                __udivmoddi4
 *(SORT_BY_ALIGNMENT(.text.*))
 .text.z_impl_gpio_pin_interrupt_configure
                0x000000000000075c       0x34 app/libapp.a(main.c.obj)
 .text.button_handler
                0x0000000000000790      0x1d8 app/libapp.a(main.c.obj)
 .text.main     0x0000000000000968       0xa4 app/libapp.a(main.c.obj)
                0x0000000000000968                main
 .text.cbvprintf_package
                0x0000000000000a0c      0x4b4 zephyr/libzephyr.a(cbprintf_packaged.c.obj)
                0x0000000000000a0c                cbvprintf_package
 .text.cbprintf_package_convert
                0x0000000000000ec0      0x4c4 zephyr/libzephyr.a(cbprintf_packaged.c.obj)
                0x0000000000000ec0                cbprintf_package_convert
 .text.__printk_hook_install
                0x0000000000001384        0xc zephyr/libzephyr.a(printk.c.obj)
                0x0000000000001384                __printk_hook_install
 .text.z_thread_entry
                0x0000000000001390       0x34 zephyr/libzephyr.a(thread_entry.c.obj)
                0x0000000000001390                z_thread_entry
 .text.process_event
                0x00000000000013c4      0x16c zephyr/libzephyr.a(onoff.c.obj)
 .text.msg_process
                0x0000000000001530       0x3c zephyr/libzephyr.a(log_core.c.obj)
 .text.log_backend_notify_all
                0x000000000000156c       0x30 zephyr/libzephyr.a(log_core.c.obj)
 .text.activate_foreach_backend
                0x000000000000159c       0x64 zephyr/libzephyr.a(log_core.c.obj)
 .text.z_log_init
                0x0000000000001600       0x8c zephyr/libzephyr.a(log_core.c.obj)
 .text.thread_set
                0x000000000000168c       0x28 zephyr/libzephyr.a(log_core.c.obj)
 .text.log_process_thread_timer_expiry_fn
                0x00000000000016b4       0x10 zephyr/libzephyr.a(log_core.c.obj)
 .text.enable_logger
                0x00000000000016c4       0x5c zephyr/libzephyr.a(log_core.c.obj)
 .text.log_format_func_t_get
                0x0000000000001720        0xc zephyr/libzephyr.a(log_core.c.obj)
                0x0000000000001720                log_format_func_t_get
 .text.log_set_timestamp_func
                0x000000000000172c       0x24 zephyr/libzephyr.a(log_core.c.obj)
                0x000000000000172c                log_set_timestamp_func
 .text.z_log_notify_backend_enabled
                0x0000000000001750       0x20 zephyr/libzephyr.a(log_core.c.obj)
                0x0000000000001750                z_log_notify_backend_enabled
 .text.z_log_dropped
                0x0000000000001770       0x44 zephyr/libzephyr.a(log_core.c.obj)
                0x0000000000001770                z_log_dropped
 .text.z_log_dropped_read_and_clear
                0x00000000000017b4       0x18 zephyr/libzephyr.a(log_core.c.obj)
                0x00000000000017b4                z_log_dropped_read_and_clear
 .text.dropped_notify
                0x00000000000017cc       0x38 zephyr/libzephyr.a(log_core.c.obj)
                0x00000000000017cc                dropped_notify
 .text.z_log_dropped_pending
                0x0000000000001804       0x14 zephyr/libzephyr.a(log_core.c.obj)
                0x0000000000001804                z_log_dropped_pending
 .text.z_log_msg_init
                0x0000000000001818       0x20 zephyr/libzephyr.a(log_core.c.obj)
                0x0000000000001818                z_log_msg_init
 .text.log_core_init
                0x0000000000001838       0x54 zephyr/libzephyr.a(log_core.c.obj)
                0x0000000000001838                log_core_init
 .text.z_log_msg_alloc
                0x000000000000188c       0x10 zephyr/libzephyr.a(log_core.c.obj)
                0x000000000000188c                z_log_msg_alloc
 .text.z_log_msg_local_claim
                0x000000000000189c       0x10 zephyr/libzephyr.a(log_core.c.obj)
                0x000000000000189c                z_log_msg_local_claim
 .text.z_log_msg_free
                0x00000000000018ac       0x14 zephyr/libzephyr.a(log_core.c.obj)
                0x00000000000018ac                z_log_msg_free
 .text.z_log_msg_pending
                0x00000000000018c0       0x10 zephyr/libzephyr.a(log_core.c.obj)
                0x00000000000018c0                z_log_msg_pending
 .text.z_impl_log_process
                0x00000000000018d0       0xbc zephyr/libzephyr.a(log_core.c.obj)
                0x00000000000018d0                z_impl_log_process
 .text.z_impl_log_panic
                0x000000000000198c       0x4c zephyr/libzephyr.a(log_core.c.obj)
                0x000000000000198c                z_impl_log_panic
 .text.z_log_msg_post_finalize
                0x00000000000019d8       0x7c zephyr/libzephyr.a(log_core.c.obj)
 .text.z_log_msg_commit
                0x0000000000001a54       0x20 zephyr/libzephyr.a(log_core.c.obj)
                0x0000000000001a54                z_log_msg_commit
 .text.log_process_thread_func
                0x0000000000001a74       0x78 zephyr/libzephyr.a(log_core.c.obj)
 .text.log_src_cnt_get
                0x0000000000001aec       0x14 zephyr/libzephyr.a(log_mgmt.c.obj)
                0x0000000000001aec                log_src_cnt_get
 .text.log_source_name_get
                0x0000000000001b00       0x1c zephyr/libzephyr.a(log_mgmt.c.obj)
                0x0000000000001b00                log_source_name_get
 .text.cbprintf_package_copy
                0x0000000000001b1c       0x30 zephyr/libzephyr.a(log_msg.c.obj)
 .text.z_impl_z_log_msg_static_create
                0x0000000000001b4c      0x158 zephyr/libzephyr.a(log_msg.c.obj)
                0x0000000000001b4c                z_impl_z_log_msg_static_create
 .text.z_log_msg_runtime_vcreate
                0x0000000000001ca4       0xac zephyr/libzephyr.a(log_msg.c.obj)
                0x0000000000001ca4                z_log_msg_runtime_vcreate
 .text.log_msg_get_source_id
                0x0000000000001d50       0x18 zephyr/libzephyr.a(log_msg.c.obj)
                0x0000000000001d50                log_msg_get_source_id
 .text.print_formatted
                0x0000000000001d68       0x24 zephyr/libzephyr.a(log_output.c.obj)
 .text.timestamp_print
                0x0000000000001d8c       0x8c zephyr/libzephyr.a(log_output.c.obj)
 .text.color_print
                0x0000000000001e18       0x2c zephyr/libzephyr.a(log_output.c.obj)
 .text.ids_print
                0x0000000000001e44       0x70 zephyr/libzephyr.a(log_output.c.obj)
 .text.prefix_print
                0x0000000000001eb4       0x88 zephyr/libzephyr.a(log_output.c.obj)
 .text.newline_print
                0x0000000000001f3c       0x28 zephyr/libzephyr.a(log_output.c.obj)
 .text.hexdump_line_print
                0x0000000000001f64       0xc4 zephyr/libzephyr.a(log_output.c.obj)
 .text.log_output_process
                0x0000000000002028       0x88 zephyr/libzephyr.a(log_output.c.obj)
                0x0000000000002028                log_output_process
 .text.log_output_dropped_process
                0x00000000000020b0       0x84 zephyr/libzephyr.a(log_output.c.obj)
                0x00000000000020b0                log_output_dropped_process
 .text.log_output_timestamp_freq_set
                0x0000000000002134       0x2c zephyr/libzephyr.a(log_output.c.obj)
                0x0000000000002134                log_output_timestamp_freq_set
 .text.char_out
                0x0000000000002160       0x24 zephyr/libzephyr.a(log_backend_uart.c.obj)
 .text.mem_attr_get_regions
                0x0000000000002184        0xc zephyr/libzephyr.a(mem_attr.c.obj)
                0x0000000000002184                mem_attr_get_regions
 .text.boot_banner
                0x0000000000002190       0x18 zephyr/libzephyr.a(banner.c.obj)
                0x0000000000002190                boot_banner
 .text.arch_bss_zero
                0x00000000000021a8       0x18 zephyr/arch/common/libarch__common.a(init.c.obj)
                0x00000000000021a8                arch_bss_zero
 .text.arch_data_copy
                0x00000000000021c0       0x34 zephyr/arch/common/libarch__common.a(xip.c.obj)
                0x00000000000021c0                arch_data_copy
 .text.esf_dump
                0x00000000000021f4      0x160 zephyr/arch/arch/arm/core/libarch__arm__core.a(fatal.c.obj)
 .text.z_arm_fatal_error
                0x0000000000002354       0x38 zephyr/arch/arch/arm/core/libarch__arm__core.a(fatal.c.obj)
                0x0000000000002354                z_arm_fatal_error
 .text.z_SysNmiOnReset
                0x000000000000238c        0x8 zephyr/arch/arch/arm/core/libarch__arm__core.a(nmi_on_reset.S.obj)
                0x000000000000238c                z_SysNmiOnReset
 .text.z_tls_copy
                0x0000000000002394       0x28 zephyr/arch/arch/arm/core/libarch__arm__core.a(tls.c.obj)
 .text.arch_tls_stack_setup
                0x00000000000023bc       0x28 zephyr/arch/arch/arm/core/libarch__arm__core.a(tls.c.obj)
                0x00000000000023bc                arch_tls_stack_setup
 .text._HandlerModeExit
                0x00000000000023e4       0x20 zephyr/arch/arch/arm/core/cortex_m/libarch__arm__core__cortex_m.a(exc_exit.c.obj)
                0x00000000000023e4                z_arm_int_exit
                0x00000000000023e4                z_arm_exc_exit
 .text.z_arm_is_synchronous_svc
                0x0000000000002404       0x3c zephyr/arch/arch/arm/core/cortex_m/libarch__arm__core__cortex_m.a(fault.c.obj)
 .text.get_esf  0x0000000000002440       0x48 zephyr/arch/arch/arm/core/cortex_m/libarch__arm__core__cortex_m.a(fault.c.obj)
 .text.usage_fault
                0x0000000000002488       0xf0 zephyr/arch/arch/arm/core/cortex_m/libarch__arm__core__cortex_m.a(fault.c.obj)
 .text.debug_monitor
                0x0000000000002578       0x1c zephyr/arch/arch/arm/core/cortex_m/libarch__arm__core__cortex_m.a(fault.c.obj)
 .text.reserved_exception
                0x0000000000002594       0xd8 zephyr/arch/arch/arm/core/cortex_m/libarch__arm__core__cortex_m.a(fault.c.obj)
 .text.mem_manage_fault
                0x000000000000266c      0x114 zephyr/arch/arch/arm/core/cortex_m/libarch__arm__core__cortex_m.a(fault.c.obj)
 .text.bus_fault
                0x0000000000002780      0x110 zephyr/arch/arch/arm/core/cortex_m/libarch__arm__core__cortex_m.a(fault.c.obj)
 .text.hard_fault
                0x0000000000002890       0xd0 zephyr/arch/arch/arm/core/cortex_m/libarch__arm__core__cortex_m.a(fault.c.obj)
 .text.z_arm_fault
                0x0000000000002960       0x88 zephyr/arch/arch/arm/core/cortex_m/libarch__arm__core__cortex_m.a(fault.c.obj)
                0x0000000000002960                z_arm_fault
 .text.z_arm_fault_init
                0x00000000000029e8       0x20 zephyr/arch/arch/arm/core/cortex_m/libarch__arm__core__cortex_m.a(fault.c.obj)
                0x00000000000029e8                z_arm_fault_init
 .text.__fault  0x0000000000002a08       0x14 zephyr/arch/arch/arm/core/cortex_m/libarch__arm__core__cortex_m.a(fault_s.S.obj)
                0x0000000000002a08                z_arm_usage_fault
                0x0000000000002a08                z_arm_mpu_fault
                0x0000000000002a08                z_arm_exc_spurious
                0x0000000000002a08                z_arm_debug_monitor
                0x0000000000002a08                z_arm_hard_fault
                0x0000000000002a08                z_arm_bus_fault
 .text._reset_section
                0x0000000000002a1c       0x68 zephyr/arch/arch/arm/core/cortex_m/libarch__arm__core__cortex_m.a(reset.S.obj)
                0x0000000000002a1c                __start
                0x0000000000002a1c                z_arm_reset
 .text.z_arm_clear_arm_mpu_config
                0x0000000000002a84       0x28 zephyr/arch/arch/arm/core/cortex_m/libarch__arm__core__cortex_m.a(scb.c.obj)
                0x0000000000002a84                z_arm_clear_arm_mpu_config
 .text.z_arm_init_arch_hw_at_boot
                0x0000000000002aac       0x54 zephyr/arch/arch/arm/core/cortex_m/libarch__arm__core__cortex_m.a(scb.c.obj)
                0x0000000000002aac                z_arm_init_arch_hw_at_boot
 .text.z_impl_k_thread_abort
                0x0000000000002b00       0x34 zephyr/arch/arch/arm/core/cortex_m/libarch__arm__core__cortex_m.a(thread_abort.c.obj)
                0x0000000000002b00                z_impl_k_thread_abort
 .text.z_arm_pendsv
                0x0000000000002b34       0x68 zephyr/arch/arch/arm/core/cortex_m/libarch__arm__core__cortex_m.a(swap_helper.S.obj)
                0x0000000000002b34                z_arm_pendsv
 .text.z_arm_svc
                0x0000000000002b9c       0x24 zephyr/arch/arch/arm/core/cortex_m/libarch__arm__core__cortex_m.a(swap_helper.S.obj)
                0x0000000000002b9c                z_arm_svc
 .text.__NVIC_EnableIRQ
                0x0000000000002bc0       0x1c zephyr/arch/arch/arm/core/cortex_m/libarch__arm__core__cortex_m.a(irq_manage.c.obj)
 .text.__NVIC_DisableIRQ
                0x0000000000002bdc       0x24 zephyr/arch/arch/arm/core/cortex_m/libarch__arm__core__cortex_m.a(irq_manage.c.obj)
 .text.__NVIC_SetPriority
                0x0000000000002c00       0x28 zephyr/arch/arch/arm/core/cortex_m/libarch__arm__core__cortex_m.a(irq_manage.c.obj)
 .text.arm_irq_is_enabled
                0x0000000000002c28       0x1c zephyr/arch/arch/arm/core/cortex_m/libarch__arm__core__cortex_m.a(irq_manage.c.obj)
                0x0000000000002c28                arm_irq_is_enabled
 .text.relocate_vector_table
                0x0000000000002c44       0x1c zephyr/arch/arch/arm/core/cortex_m/libarch__arm__core__cortex_m.a(prep_c.c.obj)
                0x0000000000002c44                relocate_vector_table
 .text.z_prep_c
                0x0000000000002c60       0x28 zephyr/arch/arch/arm/core/cortex_m/libarch__arm__core__cortex_m.a(prep_c.c.obj)
                0x0000000000002c60                z_prep_c
 .text.arch_new_thread
                0x0000000000002c88       0x44 zephyr/arch/arch/arm/core/cortex_m/libarch__arm__core__cortex_m.a(thread.c.obj)
                0x0000000000002c88                arch_new_thread
 .text.arch_switch_to_main_thread
                0x0000000000002ccc       0x44 zephyr/arch/arch/arm/core/cortex_m/libarch__arm__core__cortex_m.a(thread.c.obj)
                0x0000000000002ccc                arch_switch_to_main_thread
 .text.z_arm_cpu_idle_init
                0x0000000000002d10        0xc zephyr/arch/arch/arm/core/cortex_m/libarch__arm__core__cortex_m.a(cpu_idle.c.obj)
                0x0000000000002d10                z_arm_cpu_idle_init
 .text.z_arm_interrupt_init
                0x0000000000002d1c       0x34 zephyr/arch/arch/arm/core/cortex_m/libarch__arm__core__cortex_m.a(irq_init.c.obj)
                0x0000000000002d1c                z_arm_interrupt_init
 .text._isr_wrapper
                0x0000000000002d50       0x20 zephyr/arch/arch/arm/core/cortex_m/libarch__arm__core__cortex_m.a(isr_wrapper.c.obj)
                0x0000000000002d50                _isr_wrapper
 .text.z_arm_configure_static_mpu_regions
                0x0000000000002d70       0x40 zephyr/arch/arch/arm/core/mpu/libarch__arm__core__mpu.a(arm_core_mpu.c.obj)
                0x0000000000002d70                z_arm_configure_static_mpu_regions
 .text.mpu_init
                0x0000000000002db0       0x14 zephyr/arch/arch/arm/core/mpu/libarch__arm__core__mpu.a(arm_mpu.c.obj)
 .text.mpu_set_region
                0x0000000000002dc4       0x14 zephyr/arch/arch/arm/core/mpu/libarch__arm__core__mpu.a(arm_mpu.c.obj)
 .text.mpu_region_get_conf
                0x0000000000002dd8       0x40 zephyr/arch/arch/arm/core/mpu/libarch__arm__core__mpu.a(arm_mpu.c.obj)
 .text.mpu_mark_areas_for_dynamic_regions
                0x0000000000002e18       0x60 zephyr/arch/arch/arm/core/mpu/libarch__arm__core__mpu.a(arm_mpu.c.obj)
 .text.region_allocate_and_init
                0x0000000000002e78       0x3c zephyr/arch/arch/arm/core/mpu/libarch__arm__core__mpu.a(arm_mpu.c.obj)
 .text.mpu_configure_regions_and_partition
                0x0000000000002eb4      0x1ac zephyr/arch/arch/arm/core/mpu/libarch__arm__core__mpu.a(arm_mpu.c.obj)
 .text.mpu_configure_static_mpu_regions
                0x0000000000003060       0x14 zephyr/arch/arch/arm/core/mpu/libarch__arm__core__mpu.a(arm_mpu.c.obj)
 .text.arm_core_mpu_enable
                0x0000000000003074       0x18 zephyr/arch/arch/arm/core/mpu/libarch__arm__core__mpu.a(arm_mpu.c.obj)
                0x0000000000003074                arm_core_mpu_enable
 .text.arm_core_mpu_disable
                0x000000000000308c       0x14 zephyr/arch/arch/arm/core/mpu/libarch__arm__core__mpu.a(arm_mpu.c.obj)
                0x000000000000308c                arm_core_mpu_disable
 .text.z_arm_mpu_init
                0x00000000000030a0       0x80 zephyr/arch/arch/arm/core/mpu/libarch__arm__core__mpu.a(arm_mpu.c.obj)
                0x00000000000030a0                z_arm_mpu_init
 .text.cbvprintf
                0x0000000000003120       0x34 zephyr/lib/libc/picolibc/liblib__libc__picolibc.a(cbprintf.c.obj)
                0x0000000000003120                cbvprintf
 .text.z_impl_zephyr_fputc
                0x0000000000003154       0x10 zephyr/lib/libc/picolibc/liblib__libc__picolibc.a(stdio.c.obj)
                0x0000000000003154                z_impl_zephyr_fputc
 .text.__stdout_hook_install
                0x0000000000003164       0x18 zephyr/lib/libc/picolibc/liblib__libc__picolibc.a(stdio.c.obj)
                0x0000000000003164                __stdout_hook_install
 .text.malloc_prepare
                0x000000000000317c       0x24 zephyr/lib/libc/common/liblib__libc__common.a(malloc.c.obj)
 .text.nrfx_coredep_delay_us
                0x00000000000031a0       0x2c zephyr/soc/soc/nrf54l15/libsoc__nordic.a(soc.c.obj)
 .text.power_and_clock_configuration
                0x00000000000031cc       0xa0 zephyr/soc/soc/nrf54l15/libsoc__nordic.a(soc.c.obj)
 .text.nordicsemi_nrf54l_init
                0x000000000000326c       0x1c zephyr/soc/soc/nrf54l15/libsoc__nordic.a(soc.c.obj)
                0x000000000000326c                nordicsemi_nrf54l_init
 .text.cache_instr_enable
                0x0000000000003288       0x10 zephyr/drivers/cache/libdrivers__cache.a(cache_nrf.c.obj)
                0x0000000000003288                cache_instr_enable
 .text.nrfx_clock_xo_running_check
                0x0000000000003298       0x2c zephyr/drivers/clock_control/libdrivers__clock_control.a(clock_control_nrf.c.obj)
 .text.get_hf_flags
                0x00000000000032c4        0x8 zephyr/drivers/clock_control/libdrivers__clock_control.a(clock_control_nrf.c.obj)
 .text.get_subsys
                0x00000000000032cc       0x18 zephyr/drivers/clock_control/libdrivers__clock_control.a(clock_control_nrf.c.obj)
 .text.onoff_stop
                0x00000000000032e4       0x20 zephyr/drivers/clock_control/libdrivers__clock_control.a(clock_control_nrf.c.obj)
 .text.onoff_start
                0x0000000000003304       0x34 zephyr/drivers/clock_control/libdrivers__clock_control.a(clock_control_nrf.c.obj)
 .text.clock_event_handler
                0x0000000000003338       0x24 zephyr/drivers/clock_control/libdrivers__clock_control.a(clock_control_nrf.c.obj)
 .text.generic_hfclk_start
                0x000000000000335c       0x68 zephyr/drivers/clock_control/libdrivers__clock_control.a(clock_control_nrf.c.obj)
 .text.generic_hfclk_stop
                0x00000000000033c4       0x34 zephyr/drivers/clock_control/libdrivers__clock_control.a(clock_control_nrf.c.obj)
 .text.lfclk_spinwait
                0x00000000000033f8       0xc8 zephyr/drivers/clock_control/libdrivers__clock_control.a(clock_control_nrf.c.obj)
 .text.api_blocking_start
                0x00000000000034c0       0x38 zephyr/drivers/clock_control/libdrivers__clock_control.a(clock_control_nrf.c.obj)
 .text.clk_init
                0x00000000000034f8       0x60 zephyr/drivers/clock_control/libdrivers__clock_control.a(clock_control_nrf.c.obj)
 .text.z_nrf_clock_control_lf_on
                0x0000000000003558       0x4c zephyr/drivers/clock_control/libdrivers__clock_control.a(clock_control_nrf.c.obj)
                0x0000000000003558                z_nrf_clock_control_lf_on
 .text.console_out
                0x00000000000035a4       0x28 zephyr/drivers/console/libdrivers__console.a(uart_console.c.obj)
 .text.uart_console_hook_install
                0x00000000000035cc       0x18 zephyr/drivers/console/libdrivers__console.a(uart_console.c.obj)
 .text.uart_console_init
                0x00000000000035e4       0x1c zephyr/drivers/console/libdrivers__console.a(uart_console.c.obj)
 .text.nrf_gpio_pin_port_decode
                0x0000000000003600       0x30 zephyr/drivers/gpio/libdrivers__gpio.a(gpio_nrfx.c.obj)
 .text.get_dev  0x0000000000003630       0x28 zephyr/drivers/gpio/libdrivers__gpio.a(gpio_nrfx.c.obj)
 .text.gpio_nrfx_init
                0x0000000000003658       0x5c zephyr/drivers/gpio/libdrivers__gpio.a(gpio_nrfx.c.obj)
 .text.nrf_gpio_pin_port_decode
                0x00000000000036b4       0x30 zephyr/drivers/pinctrl/libdrivers__pinctrl.a(pinctrl_nrf.c.obj)
 .text.nrf_gpio_cfg
                0x00000000000036e4       0x44 zephyr/drivers/pinctrl/libdrivers__pinctrl.a(pinctrl_nrf.c.obj)
 .text.pinctrl_configure_pins
                0x0000000000003728      0x2a4 zephyr/drivers/pinctrl/libdrivers__pinctrl.a(pinctrl_nrf.c.obj)
                0x0000000000003728                pinctrl_configure_pins
 .text.uarte_nrfx_poll_out
                0x00000000000039cc       0x68 zephyr/drivers/serial/libdrivers__serial.a(uart_nrfx_uarte.c.obj)
 .text.uarte_instance_init
                0x0000000000003a34       0x38 zephyr/drivers/serial/libdrivers__serial.a(uart_nrfx_uarte.c.obj)
 .text.sys_clock_timeout_handler
                0x0000000000003a6c       0x48 zephyr/drivers/timer/libdrivers__timer.a(nrf_grtc_timer.c.obj)
 .text.sys_clock_driver_init
                0x0000000000003ab4       0x88 zephyr/drivers/timer/libdrivers__timer.a(nrf_grtc_timer.c.obj)
 .text.sys_clock_elapsed
                0x0000000000003b3c       0x28 zephyr/drivers/timer/libdrivers__timer.a(nrf_grtc_timer.c.obj)
                0x0000000000003b3c                sys_clock_elapsed
 .text.sys_clock_set_timeout
                0x0000000000003b64       0xb0 zephyr/drivers/timer/libdrivers__timer.a(nrf_grtc_timer.c.obj)
                0x0000000000003b64                sys_clock_set_timeout
 .text.nrf54l_errata_31
                0x0000000000003c14       0x24 modules/hal_nordic/modules/hal_nordic/nrfx/libmodules__hal_nordic__nrfx.a(system_nrf54l.c.obj)
 .text.nrf54l_errata_32
                0x0000000000003c38       0x24 modules/hal_nordic/modules/hal_nordic/nrfx/libmodules__hal_nordic__nrfx.a(system_nrf54l.c.obj)
 .text.nrf54l_errata_37
                0x0000000000003c5c       0x18 modules/hal_nordic/modules/hal_nordic/nrfx/libmodules__hal_nordic__nrfx.a(system_nrf54l.c.obj)
 .text.nrf54l_errata_40
                0x0000000000003c74       0x24 modules/hal_nordic/modules/hal_nordic/nrfx/libmodules__hal_nordic__nrfx.a(system_nrf54l.c.obj)
 .text.nrf54l_handle_approtect_signal
                0x0000000000003c98       0x38 modules/hal_nordic/modules/hal_nordic/nrfx/libmodules__hal_nordic__nrfx.a(system_nrf54l.c.obj)
 .text.nrf54l_handle_secureapprotect_signal
                0x0000000000003cd0       0x38 modules/hal_nordic/modules/hal_nordic/nrfx/libmodules__hal_nordic__nrfx.a(system_nrf54l.c.obj)
 .text.nrf54l_handle_approtect
                0x0000000000003d08       0x38 modules/hal_nordic/modules/hal_nordic/nrfx/libmodules__hal_nordic__nrfx.a(system_nrf54l.c.obj)
 .text.SystemInit
                0x0000000000003d40      0x110 modules/hal_nordic/modules/hal_nordic/nrfx/libmodules__hal_nordic__nrfx.a(system_nrf54l.c.obj)
                0x0000000000003d40                SystemInit
 .text.xo_event_handler
                0x0000000000003e50       0x10 modules/hal_nordic/modules/hal_nordic/nrfx/libmodules__hal_nordic__nrfx.a(nrfx_clock.c.obj)
 .text.lfclk_event_handler
                0x0000000000003e60       0x10 modules/hal_nordic/modules/hal_nordic/nrfx/libmodules__hal_nordic__nrfx.a(nrfx_clock.c.obj)
 .text.nrfx_clock_init
                0x0000000000003e70       0x3c modules/hal_nordic/modules/hal_nordic/nrfx/libmodules__hal_nordic__nrfx.a(nrfx_clock.c.obj)
                0x0000000000003e70                nrfx_clock_init
 .text.nrfx_clock_enable
                0x0000000000003eac       0x14 modules/hal_nordic/modules/hal_nordic/nrfx/libmodules__hal_nordic__nrfx.a(nrfx_clock.c.obj)
                0x0000000000003eac                nrfx_clock_enable
 .text.clock_stop
                0x0000000000003ec0       0x38 modules/hal_nordic/modules/hal_nordic/nrfx/libmodules__hal_nordic__nrfx.a(nrfx_clock_lfclk.c.obj)
 .text.nrfx_clock_lfclk_init
                0x0000000000003ef8       0x2c modules/hal_nordic/modules/hal_nordic/nrfx/libmodules__hal_nordic__nrfx.a(nrfx_clock_lfclk.c.obj)
                0x0000000000003ef8                nrfx_clock_lfclk_init
 .text.nrfx_clock_lfclk_start
                0x0000000000003f24       0xc8 modules/hal_nordic/modules/hal_nordic/nrfx/libmodules__hal_nordic__nrfx.a(nrfx_clock_lfclk.c.obj)
                0x0000000000003f24                nrfx_clock_lfclk_start
 .text.nrfx_clock_lfclk_irq_handler
                0x0000000000003fec       0x7c modules/hal_nordic/modules/hal_nordic/nrfx/libmodules__hal_nordic__nrfx.a(nrfx_clock_lfclk.c.obj)
                0x0000000000003fec                nrfx_clock_lfclk_irq_handler
 .text.nrf54l_errata_39
                0x0000000000004068       0x18 modules/hal_nordic/modules/hal_nordic/nrfx/libmodules__hal_nordic__nrfx.a(nrfx_clock_xo.c.obj)
 .text.clock_stop
                0x0000000000004080       0x60 modules/hal_nordic/modules/hal_nordic/nrfx/libmodules__hal_nordic__nrfx.a(nrfx_clock_xo.c.obj)
 .text.nrfx_clock_xo_init
                0x00000000000040e0       0x1c modules/hal_nordic/modules/hal_nordic/nrfx/libmodules__hal_nordic__nrfx.a(nrfx_clock_xo.c.obj)
                0x00000000000040e0                nrfx_clock_xo_init
 .text.nrfx_clock_xo_start
                0x00000000000040fc       0x6c modules/hal_nordic/modules/hal_nordic/nrfx/libmodules__hal_nordic__nrfx.a(nrfx_clock_xo.c.obj)
                0x00000000000040fc                nrfx_clock_xo_start
 .text.nrfx_clock_xo_irq_handler
                0x0000000000004168       0x84 modules/hal_nordic/modules/hal_nordic/nrfx/libmodules__hal_nordic__nrfx.a(nrfx_clock_xo.c.obj)
                0x0000000000004168                nrfx_clock_xo_irq_handler
 .text.nrf_gpiote_task_configure
                0x00000000000041ec       0x48 modules/hal_nordic/modules/hal_nordic/nrfx/libmodules__hal_nordic__nrfx.a(nrfx_gpiote.c.obj)
 .text.nrf_gpio_pin_port_decode
                0x0000000000004234       0x30 modules/hal_nordic/modules/hal_nordic/nrfx/libmodules__hal_nordic__nrfx.a(nrfx_gpiote.c.obj)
 .text.nrf_gpio_cfg_default
                0x0000000000004264       0x2c modules/hal_nordic/modules/hal_nordic/nrfx/libmodules__hal_nordic__nrfx.a(nrfx_gpiote.c.obj)
 .text.nrf_gpio_latches_read_and_clear
                0x0000000000004290       0x40 modules/hal_nordic/modules/hal_nordic/nrfx/libmodules__hal_nordic__nrfx.a(nrfx_gpiote.c.obj)
 .text.get_pin_idx
                0x00000000000042d0       0x14 modules/hal_nordic/modules/hal_nordic/nrfx/libmodules__hal_nordic__nrfx.a(nrfx_gpiote.c.obj)
 .text.get_channel_mask
                0x00000000000042e4        0xc modules/hal_nordic/modules/hal_nordic/nrfx/libmodules__hal_nordic__nrfx.a(nrfx_gpiote.c.obj)
 .text.get_config
                0x00000000000042f0        0xc modules/hal_nordic/modules/hal_nordic/nrfx/libmodules__hal_nordic__nrfx.a(nrfx_gpiote.c.obj)
 .text.latch_pending_read_and_check
                0x00000000000042fc       0x50 modules/hal_nordic/modules/hal_nordic/nrfx/libmodules__hal_nordic__nrfx.a(nrfx_gpiote.c.obj)
 .text.nrfy_gpiote_int_init
                0x000000000000434c       0x64 modules/hal_nordic/modules/hal_nordic/nrfx/libmodules__hal_nordic__nrfx.a(nrfx_gpiote.c.obj)
 .text.port_event_handle
                0x00000000000043b0       0xcc modules/hal_nordic/modules/hal_nordic/nrfx/libmodules__hal_nordic__nrfx.a(nrfx_gpiote.c.obj)
 .text.nrfy_grtc_prepare
                0x000000000000447c       0x64 modules/hal_nordic/modules/hal_nordic/nrfx/libmodules__hal_nordic__nrfx.a(nrfx_grtc.c.obj)
 .text.is_syscounter_running
                0x00000000000044e0       0x10 modules/hal_nordic/modules/hal_nordic/nrfx/libmodules__hal_nordic__nrfx.a(nrfx_grtc.c.obj)
 .text.channel_used_mark
                0x00000000000044f0       0x14 modules/hal_nordic/modules/hal_nordic/nrfx/libmodules__hal_nordic__nrfx.a(nrfx_grtc.c.obj)
 .text.sleep_configure
                0x0000000000004504       0x30 modules/hal_nordic/modules/hal_nordic/nrfx/libmodules__hal_nordic__nrfx.a(nrfx_grtc.c.obj)
 .text.grtc_irq_handler
                0x0000000000004534       0xcc modules/hal_nordic/modules/hal_nordic/nrfx/libmodules__hal_nordic__nrfx.a(nrfx_grtc.c.obj)
 .text.nrfx_grtc_syscounter_get
                0x0000000000004600       0x1c modules/hal_nordic/modules/hal_nordic/nrfx/libmodules__hal_nordic__nrfx.a(nrfx_grtc.c.obj)
                0x0000000000004600                nrfx_grtc_syscounter_get
 .text.nrfx_grtc_channel_callback_set
                0x000000000000461c       0x34 modules/hal_nordic/modules/hal_nordic/nrfx/libmodules__hal_nordic__nrfx.a(nrfx_grtc.c.obj)
                0x000000000000461c                nrfx_grtc_channel_callback_set
 .text.nrfx_grtc_init
                0x0000000000004650       0x90 modules/hal_nordic/modules/hal_nordic/nrfx/libmodules__hal_nordic__nrfx.a(nrfx_grtc.c.obj)
                0x0000000000004650                nrfx_grtc_init
 .text.nrfx_grtc_syscounter_start
                0x00000000000046e0       0x88 modules/hal_nordic/modules/hal_nordic/nrfx/libmodules__hal_nordic__nrfx.a(nrfx_grtc.c.obj)
                0x00000000000046e0                nrfx_grtc_syscounter_start
 .text.nrfx_grtc_syscounter_cc_abs_set
                0x0000000000004768       0x70 modules/hal_nordic/modules/hal_nordic/nrfx/libmodules__hal_nordic__nrfx.a(nrfx_grtc.c.obj)
                0x0000000000004768                nrfx_grtc_syscounter_cc_abs_set
 .text.nrfx_grtc_syscounter_cc_rel_set
                0x00000000000047d8       0x44 modules/hal_nordic/modules/hal_nordic/nrfx/libmodules__hal_nordic__nrfx.a(nrfx_grtc.c.obj)
                0x00000000000047d8                nrfx_grtc_syscounter_cc_rel_set
 .text.nrfx_rramc_write_enable_set
                0x000000000000481c       0x2c modules/hal_nordic/modules/hal_nordic/nrfx/libmodules__hal_nordic__nrfx.a(nrfx_rramc.c.obj)
                0x000000000000481c                nrfx_rramc_write_enable_set
 .text.reason_to_str
                0x0000000000004848       0x40 zephyr/kernel/libkernel.a(fatal.c.obj)
 .text.thread_name_get
                0x0000000000004888       0x20 zephyr/kernel/libkernel.a(fatal.c.obj)
 .text.k_sys_fatal_error_handler
                0x00000000000048a8       0x20 zephyr/kernel/libkernel.a(fatal.c.obj)
                0x00000000000048a8                k_sys_fatal_error_handler
 .text.z_fatal_error
                0x00000000000048c8      0x1f4 zephyr/kernel/libkernel.a(fatal.c.obj)
                0x00000000000048c8                z_fatal_error
 .text.init_idle_thread
                0x0000000000004abc       0x60 zephyr/kernel/libkernel.a(init.c.obj)
 .text.z_sys_init_run_level
                0x0000000000004b1c       0x38 zephyr/kernel/libkernel.a(init.c.obj)
 .text.thread_schedule_new
                0x0000000000004b54       0x1c zephyr/kernel/libkernel.a(init.c.obj)
 .text.z_init_static_threads
                0x0000000000004b70       0x70 zephyr/kernel/libkernel.a(init.c.obj)
 .text.bg_thread_main
                0x0000000000004be0       0x34 zephyr/kernel/libkernel.a(init.c.obj)
 .text.switch_to_main_thread
                0x0000000000004c14       0x14 zephyr/kernel/libkernel.a(init.c.obj)
 .text.z_init_cpu
                0x0000000000004c28       0x44 zephyr/kernel/libkernel.a(init.c.obj)
                0x0000000000004c28                z_init_cpu
 .text.prepare_multithreading
                0x0000000000004c6c       0x60 zephyr/kernel/libkernel.a(init.c.obj)
 .text.z_cstart
                0x0000000000004ccc       0x7c zephyr/kernel/libkernel.a(init.c.obj)
                0x0000000000004ccc                z_cstart
 .text.z_impl_k_mutex_lock
                0x0000000000004d48      0x100 zephyr/kernel/libkernel.a(mutex.c.obj)
                0x0000000000004d48                z_impl_k_mutex_lock
 .text.z_impl_k_mutex_unlock
                0x0000000000004e48       0xac zephyr/kernel/libkernel.a(mutex.c.obj)
                0x0000000000004e48                z_impl_k_mutex_unlock
 .text.z_impl_k_sem_give
                0x0000000000004ef4       0x88 zephyr/kernel/libkernel.a(sem.c.obj)
                0x0000000000004ef4                z_impl_k_sem_give
 .text.z_impl_k_sem_take
                0x0000000000004f7c       0x50 zephyr/kernel/libkernel.a(sem.c.obj)
                0x0000000000004f7c                z_impl_k_sem_take
 .text.thread_schedule_new
                0x0000000000004fcc       0x1c zephyr/kernel/libkernel.a(thread.c.obj)
 .text.z_impl_k_thread_name_set
                0x0000000000004fe8       0x24 zephyr/kernel/libkernel.a(thread.c.obj)
                0x0000000000004fe8                z_impl_k_thread_name_set
 .text.z_setup_new_thread
                0x000000000000500c       0xcc zephyr/kernel/libkernel.a(thread.c.obj)
                0x000000000000500c                z_setup_new_thread
 .text.z_dummy_thread_init
                0x00000000000050d8       0x20 zephyr/kernel/libkernel.a(thread.c.obj)
                0x00000000000050d8                z_dummy_thread_init
 .text.z_swap_irqlock
                0x00000000000050f8       0x34 zephyr/kernel/libkernel.a(sched.c.obj)
 .text.ready_thread
                0x000000000000512c       0xb4 zephyr/kernel/libkernel.a(sched.c.obj)
 .text.unready_thread
                0x00000000000051e0       0x68 zephyr/kernel/libkernel.a(sched.c.obj)
 .text.thread_halt_spin
                0x0000000000005248      0x118 zephyr/kernel/libkernel.a(sched.c.obj)
 .text.add_thread_timeout
                0x0000000000005360       0x20 zephyr/kernel/libkernel.a(sched.c.obj)
 .text.move_thread_to_end_of_prio_q
                0x0000000000005380       0xc8 zephyr/kernel/libkernel.a(sched.c.obj)
                0x0000000000005380                move_thread_to_end_of_prio_q
 .text.z_pend_curr
                0x0000000000005448       0x38 zephyr/kernel/libkernel.a(sched.c.obj)
                0x0000000000005448                z_pend_curr
 .text.z_thread_prio_set
                0x0000000000005480      0x14c zephyr/kernel/libkernel.a(sched.c.obj)
                0x0000000000005480                z_thread_prio_set
 .text.z_reschedule
                0x00000000000055cc       0x2c zephyr/kernel/libkernel.a(sched.c.obj)
                0x00000000000055cc                z_reschedule
 .text.z_reschedule_irqlock
                0x00000000000055f8       0x2c zephyr/kernel/libkernel.a(sched.c.obj)
                0x00000000000055f8                z_reschedule_irqlock
 .text.k_sched_lock
                0x0000000000005624       0x30 zephyr/kernel/libkernel.a(sched.c.obj)
                0x0000000000005624                k_sched_lock
 .text.k_sched_unlock
                0x0000000000005654       0x70 zephyr/kernel/libkernel.a(sched.c.obj)
                0x0000000000005654                k_sched_unlock
 .text.z_sched_init
                0x00000000000056c4       0x10 zephyr/kernel/libkernel.a(sched.c.obj)
                0x00000000000056c4                z_sched_init
 .text.z_impl_k_yield
                0x00000000000056d4       0xa0 zephyr/kernel/libkernel.a(sched.c.obj)
                0x00000000000056d4                z_impl_k_yield
 .text.z_tick_sleep
                0x0000000000005774       0x7c zephyr/kernel/libkernel.a(sched.c.obj)
 .text.z_impl_k_sleep
                0x00000000000057f0       0x80 zephyr/kernel/libkernel.a(sched.c.obj)
                0x00000000000057f0                z_impl_k_sleep
 .text.z_impl_k_wakeup
                0x0000000000005870       0x48 zephyr/kernel/libkernel.a(sched.c.obj)
                0x0000000000005870                z_impl_k_wakeup
 .text.z_impl_k_sched_current_thread_query
                0x00000000000058b8        0xc zephyr/kernel/libkernel.a(sched.c.obj)
                0x00000000000058b8                z_impl_k_sched_current_thread_query
 .text.z_thread_abort
                0x00000000000058c4      0x16c zephyr/kernel/libkernel.a(sched.c.obj)
                0x00000000000058c4                z_thread_abort
 .text.slice_timeout
                0x0000000000005a30       0x20 zephyr/kernel/libkernel.a(timeslicing.c.obj)
 .text.thread_is_sliceable
                0x0000000000005a50       0x4c zephyr/kernel/libkernel.a(timeslicing.c.obj)
                0x0000000000005a50                thread_is_sliceable
 .text.z_reset_time_slice
                0x0000000000005a9c       0x50 zephyr/kernel/libkernel.a(timeslicing.c.obj)
                0x0000000000005a9c                z_reset_time_slice
 .text.z_time_slice
                0x0000000000005aec       0x70 zephyr/kernel/libkernel.a(timeslicing.c.obj)
                0x0000000000005aec                z_time_slice
 .text.z_thread_monitor_exit
                0x0000000000005b5c       0x44 zephyr/kernel/libkernel.a(thread_monitor.c.obj)
                0x0000000000005b5c                z_thread_monitor_exit
 .text.first    0x0000000000005ba0       0x14 zephyr/kernel/libkernel.a(timeout.c.obj)
 .text.next     0x0000000000005bb4       0x18 zephyr/kernel/libkernel.a(timeout.c.obj)
 .text.elapsed  0x0000000000005bcc       0x18 zephyr/kernel/libkernel.a(timeout.c.obj)
 .text.z_add_timeout
                0x0000000000005be4      0x134 zephyr/kernel/libkernel.a(timeout.c.obj)
                0x0000000000005be4                z_add_timeout
 .text.sys_clock_announce
                0x0000000000005d18       0xc4 zephyr/kernel/libkernel.a(timeout.c.obj)
                0x0000000000005d18                sys_clock_announce
 .text.sys_clock_tick_get
                0x0000000000005ddc       0x40 zephyr/kernel/libkernel.a(timeout.c.obj)
                0x0000000000005ddc                sys_clock_tick_get
 .text.z_timer_expiration_handler
                0x0000000000005e1c      0x11c zephyr/kernel/libkernel.a(timer.c.obj)
                0x0000000000005e1c                z_timer_expiration_handler
 .text.z_impl_k_timer_start
                0x0000000000005f38       0x70 zephyr/kernel/libkernel.a(timer.c.obj)
                0x0000000000005f38                z_impl_k_timer_start
 .text.psa_get_initialized
                0x0000000000005fa8       0x58 modules/nrf/subsys/nrf_security/src/core/nrf_oberon/libpsa_core.a(psa_crypto.c.obj)
 .text.mbedtls_psa_crypto_free
                0x0000000000006000       0xac modules/nrf/subsys/nrf_security/src/core/nrf_oberon/libpsa_core.a(psa_crypto.c.obj)
                0x0000000000006000                mbedtls_psa_crypto_free
 .text.psa_crypto_init
                0x00000000000060ac      0x164 modules/nrf/subsys/nrf_security/src/core/nrf_oberon/libpsa_core.a(psa_crypto.c.obj)
                0x00000000000060ac                psa_crypto_init
 .text.psa_initialize_key_slots
                0x0000000000006210       0x10 modules/nrf/subsys/nrf_security/src/core/nrf_oberon/libpsa_core.a(psa_crypto_slot_management.c.obj)
                0x0000000000006210                psa_initialize_key_slots
 .text.psa_wipe_all_key_slots
                0x0000000000006220       0x38 modules/nrf/subsys/nrf_security/src/core/nrf_oberon/libpsa_core.a(psa_crypto_slot_management.c.obj)
                0x0000000000006220                psa_wipe_all_key_slots
 .text.mbedtls_free
                0x0000000000006258       0x10 modules/nrf/subsys/nrf_security/src/core/nrf_oberon/libpsa_core.a(platform.c.obj)
                0x0000000000006258                mbedtls_free
 .text.mbedtls_platform_zeroize
                0x0000000000006268       0x18 modules/nrf/subsys/nrf_security/src/core/nrf_oberon/libpsa_core.a(platform_util.c.obj)
                0x0000000000006268                mbedtls_platform_zeroize
 .text.cracen_disable_interrupts
                0x0000000000006280       0x18 modules/nrf/subsys/nrf_security/src/drivers/cracen/libcracen_psa_driver.a(cracen.c.obj)
 .text.cracen_acquire
                0x0000000000006298       0x40 modules/nrf/subsys/nrf_security/src/drivers/cracen/libcracen_psa_driver.a(cracen.c.obj)
                0x0000000000006298                cracen_acquire
 .text.cracen_release
                0x00000000000062d8       0x68 modules/nrf/subsys/nrf_security/src/drivers/cracen/libcracen_psa_driver.a(cracen.c.obj)
                0x00000000000062d8                cracen_release
 .text.cracen_init
                0x0000000000006340       0x54 modules/nrf/subsys/nrf_security/src/drivers/cracen/libcracen_psa_driver.a(cracen.c.obj)
                0x0000000000006340                cracen_init
 .text.silex_statuscodes_to_psa
                0x0000000000006394      0x120 modules/nrf/subsys/nrf_security/src/drivers/cracen/libcracen_psa_driver.a(common.c.obj)
                0x0000000000006394                silex_statuscodes_to_psa
 .text.ctr_drbg_update
                0x00000000000064b4       0xb8 modules/nrf/subsys/nrf_security/src/drivers/cracen/libcracen_psa_driver.a(ctr_drbg.c.obj)
 .text.cracen_reseed
                0x000000000000656c       0x40 modules/nrf/subsys/nrf_security/src/drivers/cracen/libcracen_psa_driver.a(ctr_drbg.c.obj)
 .text.cracen_init_random
                0x00000000000065ac       0x78 modules/nrf/subsys/nrf_security/src/drivers/cracen/libcracen_psa_driver.a(ctr_drbg.c.obj)
                0x00000000000065ac                cracen_init_random
 .text.cracen_get_random
                0x0000000000006624      0x134 modules/nrf/subsys/nrf_security/src/drivers/cracen/libcracen_psa_driver.a(ctr_drbg.c.obj)
                0x0000000000006624                cracen_get_random
 .text.lib_kmu_clear_all_events
                0x0000000000006758       0x24 modules/nrf/subsys/nrf_security/src/drivers/cracen/libcracen_psa_driver.a(lib_kmu.c.obj)
                0x0000000000006758                lib_kmu_clear_all_events
 .text.trigger_task_and_wait_for_event_or_error
                0x000000000000677c       0x5c modules/nrf/subsys/nrf_security/src/drivers/cracen/libcracen_psa_driver.a(lib_kmu.c.obj)
 .text.lib_kmu_provision_slot
                0x00000000000067d8       0x3c modules/nrf/subsys/nrf_security/src/drivers/cracen/libcracen_psa_driver.a(lib_kmu.c.obj)
                0x00000000000067d8                lib_kmu_provision_slot
 .text.lib_kmu_push_slot
                0x0000000000006814       0x20 modules/nrf/subsys/nrf_security/src/drivers/cracen/libcracen_psa_driver.a(lib_kmu.c.obj)
                0x0000000000006814                lib_kmu_push_slot
 .text.lib_kmu_revoke_slot
                0x0000000000006834       0x34 modules/nrf/subsys/nrf_security/src/drivers/cracen/libcracen_psa_driver.a(lib_kmu.c.obj)
                0x0000000000006834                lib_kmu_revoke_slot
 .text.lib_kmu_read_metadata
                0x0000000000006868       0x34 modules/nrf/subsys/nrf_security/src/drivers/cracen/libcracen_psa_driver.a(lib_kmu.c.obj)
                0x0000000000006868                lib_kmu_read_metadata
 .text.convert_from_psa_attributes
                0x000000000000689c      0x170 modules/nrf/subsys/nrf_security/src/drivers/cracen/libcracen_psa_driver.a(kmu.c.obj)
 .text.cracen_kmu_provision
                0x0000000000006a0c      0x178 modules/nrf/subsys/nrf_security/src/drivers/cracen/libcracen_psa_driver.a(kmu.c.obj)
                0x0000000000006a0c                cracen_kmu_provision
 .text.cracen_provision_prot_ram_inv_slots
                0x0000000000006b84       0x9c modules/nrf/subsys/nrf_security/src/drivers/cracen/libcracen_psa_driver.a(kmu.c.obj)
                0x0000000000006b84                cracen_provision_prot_ram_inv_slots
 .text.sx_blkcipher_ecb_simple
                0x0000000000006c20       0xc4 modules/nrf/subsys/nrf_security/src/drivers/cracen/libcracen_psa_driver.a(blkcipher.c.obj)
                0x0000000000006c20                sx_blkcipher_ecb_simple
 .text.ba431_check_state
                0x0000000000006ce4       0x30 modules/nrf/subsys/nrf_security/src/drivers/cracen/libcracen_psa_driver.a(trng.c.obj)
 .text.sx_trng_enable
                0x0000000000006d14       0x20 modules/nrf/subsys/nrf_security/src/drivers/cracen/libcracen_psa_driver.a(trng.c.obj)
 .text.sx_trng_flush
                0x0000000000006d34       0x30 modules/nrf/subsys/nrf_security/src/drivers/cracen/libcracen_psa_driver.a(trng.c.obj)
 .text.ba431_setup_conditioning_key
                0x0000000000006d64       0x5c modules/nrf/subsys/nrf_security/src/drivers/cracen/libcracen_psa_driver.a(trng.c.obj)
 .text.sx_trng_open
                0x0000000000006dc0       0xa4 modules/nrf/subsys/nrf_security/src/drivers/cracen/libcracen_psa_driver.a(trng.c.obj)
                0x0000000000006dc0                sx_trng_open
 .text.sx_trng_get
                0x0000000000006e64       0x88 modules/nrf/subsys/nrf_security/src/drivers/cracen/libcracen_psa_driver.a(trng.c.obj)
                0x0000000000006e64                sx_trng_get
 .text.sx_hw_enable_interrupts
                0x0000000000006eec       0x38 modules/nrf/subsys/nrf_security/src/drivers/cracen/libcracen_psa_driver.a(cmdma_hw.c.obj)
 .text.sx_hw_reserve
                0x0000000000006f24       0x20 modules/nrf/subsys/nrf_security/src/drivers/cracen/libcracen_psa_driver.a(cmdma_hw.c.obj)
                0x0000000000006f24                sx_hw_reserve
 .text.sx_cmdma_release_hw
                0x0000000000006f44       0x24 modules/nrf/subsys/nrf_security/src/drivers/cracen/libcracen_psa_driver.a(cmdma_hw.c.obj)
                0x0000000000006f44                sx_cmdma_release_hw
 .text.cracen_isr_handler
                0x0000000000006f68       0x74 modules/nrf/subsys/nrf_security/src/drivers/cracen/libcracen_psa_driver.a(interrupts.c.obj)
                0x0000000000006f68                cracen_isr_handler
 .text.cracen_interrupts_init
                0x0000000000006fdc       0x28 modules/nrf/subsys/nrf_security/src/drivers/cracen/libcracen_psa_driver.a(interrupts.c.obj)
                0x0000000000006fdc                cracen_interrupts_init
 .text.cracen_wait_for_cm_interrupt
                0x0000000000007004       0x20 modules/nrf/subsys/nrf_security/src/drivers/cracen/libcracen_psa_driver.a(interrupts.c.obj)
                0x0000000000007004                cracen_wait_for_cm_interrupt
 .text.sx_pk_fetch_capabilities
                0x0000000000007024       0x30 modules/nrf/subsys/nrf_security/src/drivers/cracen/libcracen_psa_driver.a(pk_baremetal.c.obj)
                0x0000000000007024                sx_pk_fetch_capabilities
 .text.sx_pk_init
                0x0000000000007054       0x40 modules/nrf/subsys/nrf_security/src/drivers/cracen/libcracen_psa_driver.a(pk_baremetal.c.obj)
                0x0000000000007054                sx_pk_init
 .text.sx_get_current_req
                0x0000000000007094        0x8 modules/nrf/subsys/nrf_security/src/drivers/cracen/libcracen_psa_driver.a(pk_baremetal.c.obj)
                0x0000000000007094                sx_get_current_req
 .text.k_event_post_internal
                0x000000000000709c       0x6c zephyr/kernel/libkernel.a(events.c.obj)
 .text.snprintf
                0x0000000000007108       0x58 c:\ncs\toolchains\fd21892d0f\opt\zephyr-sdk\arm-zephyr-eabi\bin\../lib/gcc/../../picolibc/arm-zephyr-eabi/lib/thumb/v8-m.main/nofp\libc.a(libc_tinystdio_snprintf.c.o)
                0x0000000000007108                snprintf
 .text.__l_vfprintf
                0x0000000000007160      0x4b4 c:\ncs\toolchains\fd21892d0f\opt\zephyr-sdk\arm-zephyr-eabi\bin\../lib/gcc/../../picolibc/arm-zephyr-eabi/lib/thumb/v8-m.main/nofp\libc.a(libc_tinystdio_vflprintf.c.o)
                0x0000000000007160                __l_vfprintf
 .text._OffsetAbsSyms
                0x0000000000007614        0x2 zephyr/CMakeFiles/offsets.dir/./arch/arm/core/offsets/offsets.c.obj
                0x0000000000007614                _OffsetAbsSyms
 .text.gpio_pin_interrupt_configure_dt
                0x0000000000007616       0x1a app/libapp.a(main.c.obj)
 .text.z_impl_gpio_pin_configure
                0x0000000000007630       0x50 app/libapp.a(main.c.obj)
 .text.gpio_pin_configure_dt
                0x0000000000007680       0x16 app/libapp.a(main.c.obj)
 .text.gpio_port_get
                0x0000000000007696       0x18 app/libapp.a(main.c.obj)
 .text.gpio_pin_get
                0x00000000000076ae       0x20 app/libapp.a(main.c.obj)
 .text.gpio_add_callback
                0x00000000000076ce       0x14 app/libapp.a(main.c.obj)
 .text.set_chunk_used
                0x00000000000076e2       0x38 zephyr/libzephyr.a(heap.c.obj)
 .text.free_list_add_bidx
                0x000000000000771a       0xa4 zephyr/libzephyr.a(heap.c.obj)
 .text.free_list_add
                0x00000000000077be       0x52 zephyr/libzephyr.a(heap.c.obj)
 .text.sys_heap_init
                0x0000000000007810       0xfc zephyr/libzephyr.a(heap.c.obj)
                0x0000000000007810                sys_heap_init
 .text.cbprintf_via_va_list
                0x000000000000790c        0xe zephyr/libzephyr.a(cbprintf_packaged.c.obj)
 .text.is_fmt_spec
                0x000000000000791a        0xe zephyr/libzephyr.a(cbprintf_packaged.c.obj)
 .text.get_package_len
                0x0000000000007928       0x2a zephyr/libzephyr.a(cbprintf_packaged.c.obj)
 .text.append_string
                0x0000000000007952       0x2c zephyr/libzephyr.a(cbprintf_packaged.c.obj)
 .text.cbpprintf_external
                0x000000000000797e       0x60 zephyr/libzephyr.a(cbprintf_packaged.c.obj)
                0x000000000000797e                cbpprintf_external
 .text.is_ptr   0x00000000000079de       0x4e zephyr/libzephyr.a(cbprintf_packaged.c.obj)
                0x00000000000079de                is_ptr
 .text.arch_printk_char_out
                0x0000000000007a2c        0x4 zephyr/libzephyr.a(printk.c.obj)
                0x0000000000007a2c                arch_printk_char_out
 .text.vprintk  0x0000000000007a30        0x8 zephyr/libzephyr.a(printk.c.obj)
                0x0000000000007a30                vprintk
 .text.printk   0x0000000000007a38       0x1c zephyr/libzephyr.a(printk.c.obj)
                0x0000000000007a38                printk
 .text.free_space
                0x0000000000007a54       0x28 zephyr/libzephyr.a(mpsc_pbuf.c.obj)
 .text.available
                0x0000000000007a7c       0x24 zephyr/libzephyr.a(mpsc_pbuf.c.obj)
 .text.get_usage
                0x0000000000007aa0       0x24 zephyr/libzephyr.a(mpsc_pbuf.c.obj)
 .text.max_utilization_update
                0x0000000000007ac4       0x26 zephyr/libzephyr.a(mpsc_pbuf.c.obj)
 .text.rd_idx_inc
                0x0000000000007aea       0x26 zephyr/libzephyr.a(mpsc_pbuf.c.obj)
 .text.add_skip_item
                0x0000000000007b10       0x66 zephyr/libzephyr.a(mpsc_pbuf.c.obj)
 .text.drop_item_locked
                0x0000000000007b76      0x12e zephyr/libzephyr.a(mpsc_pbuf.c.obj)
 .text.post_drop_action
                0x0000000000007ca4       0x62 zephyr/libzephyr.a(mpsc_pbuf.c.obj)
 .text.mpsc_pbuf_init
                0x0000000000007d06       0x42 zephyr/libzephyr.a(mpsc_pbuf.c.obj)
                0x0000000000007d06                mpsc_pbuf_init
 .text.mpsc_pbuf_alloc
                0x0000000000007d48      0x134 zephyr/libzephyr.a(mpsc_pbuf.c.obj)
                0x0000000000007d48                mpsc_pbuf_alloc
 .text.mpsc_pbuf_commit
                0x0000000000007e7c       0x50 zephyr/libzephyr.a(mpsc_pbuf.c.obj)
                0x0000000000007e7c                mpsc_pbuf_commit
 .text.mpsc_pbuf_claim
                0x0000000000007ecc       0xd0 zephyr/libzephyr.a(mpsc_pbuf.c.obj)
                0x0000000000007ecc                mpsc_pbuf_claim
 .text.mpsc_pbuf_free
                0x0000000000007f9c       0x88 zephyr/libzephyr.a(mpsc_pbuf.c.obj)
                0x0000000000007f9c                mpsc_pbuf_free
 .text.mpsc_pbuf_is_pending
                0x0000000000008024       0x2c zephyr/libzephyr.a(mpsc_pbuf.c.obj)
                0x0000000000008024                mpsc_pbuf_is_pending
 .text.set_state
                0x0000000000008050       0x10 zephyr/libzephyr.a(onoff.c.obj)
 .text.notify_monitors
                0x0000000000008060       0x44 zephyr/libzephyr.a(onoff.c.obj)
 .text.process_recheck
                0x00000000000080a4       0x32 zephyr/libzephyr.a(onoff.c.obj)
 .text.process_complete
                0x00000000000080d6       0xa2 zephyr/libzephyr.a(onoff.c.obj)
 .text.validate_args
                0x0000000000008178       0x2a zephyr/libzephyr.a(onoff.c.obj)
 .text.notify_one
                0x00000000000081a2       0x26 zephyr/libzephyr.a(onoff.c.obj)
 .text.notify_all
                0x00000000000081c8       0x2e zephyr/libzephyr.a(onoff.c.obj)
 .text.transition_complete
                0x00000000000081f6       0x1c zephyr/libzephyr.a(onoff.c.obj)
 .text.onoff_manager_init
                0x0000000000008212       0x3a zephyr/libzephyr.a(onoff.c.obj)
                0x0000000000008212                onoff_manager_init
 .text.onoff_request
                0x000000000000824c       0xbe zephyr/libzephyr.a(onoff.c.obj)
                0x000000000000824c                onoff_request
 .text.sys_notify_validate
                0x000000000000830a       0x2e zephyr/libzephyr.a(notify.c.obj)
                0x000000000000830a                sys_notify_validate
 .text.sys_notify_finalize
                0x0000000000008338       0x1a zephyr/libzephyr.a(notify.c.obj)
                0x0000000000008338                sys_notify_finalize
 .text._ConfigAbsSyms
                0x0000000000008352        0x2 zephyr/libzephyr.a(configs.c.obj)
                0x0000000000008352                _ConfigAbsSyms
 .text.log_msg_generic_get_wlen
                0x0000000000008354       0x20 zephyr/libzephyr.a(log_core.c.obj)
 .text.log_backend_init
                0x0000000000008374       0x14 zephyr/libzephyr.a(log_core.c.obj)
 .text.dummy_timestamp
                0x0000000000008388        0x4 zephyr/libzephyr.a(log_core.c.obj)
 .text.msg_filter_check
                0x000000000000838c        0x4 zephyr/libzephyr.a(log_core.c.obj)
 .text.default_get_timestamp
                0x0000000000008390        0x8 zephyr/libzephyr.a(log_core.c.obj)
 .text.k_msleep
                0x0000000000008398       0x5c zephyr/libzephyr.a(log_core.c.obj)
 .text.msg_alloc
                0x00000000000083f4        0xc zephyr/libzephyr.a(log_core.c.obj)
 .text.msg_free
                0x0000000000008400        0x8 zephyr/libzephyr.a(log_core.c.obj)
 .text.msg_pending
                0x0000000000008408        0x8 zephyr/libzephyr.a(log_core.c.obj)
 .text.z_log_vprintk
                0x0000000000008410       0x1e zephyr/libzephyr.a(log_core.c.obj)
                0x0000000000008410                z_log_vprintk
 .text.z_log_notify_drop
                0x000000000000842e        0xa zephyr/libzephyr.a(log_core.c.obj)
 .text.z_log_msg_claim
                0x0000000000008438        0x8 zephyr/libzephyr.a(log_core.c.obj)
                0x0000000000008438                z_log_msg_claim
 .text.msg_commit
                0x0000000000008440        0xc zephyr/libzephyr.a(log_core.c.obj)
 .text.z_log_get_tag
                0x000000000000844c        0x4 zephyr/libzephyr.a(log_core.c.obj)
                0x000000000000844c                z_log_get_tag
 .text.log_backend_enable
                0x0000000000008450       0x16 zephyr/libzephyr.a(log_mgmt.c.obj)
                0x0000000000008450                log_backend_enable
 .text.z_cbprintf_cpy
                0x0000000000008466       0x32 zephyr/libzephyr.a(log_msg.c.obj)
 .text.z_log_msg_finalize
                0x0000000000008498       0x2e zephyr/libzephyr.a(log_msg.c.obj)
                0x0000000000008498                z_log_msg_finalize
 .text.z_log_msg_simple_create
                0x00000000000084c6       0x62 zephyr/libzephyr.a(log_msg.c.obj)
 .text.z_impl_z_log_msg_simple_create_0
                0x0000000000008528       0x14 zephyr/libzephyr.a(log_msg.c.obj)
                0x0000000000008528                z_impl_z_log_msg_simple_create_0
 .text.z_impl_z_log_msg_simple_create_1
                0x000000000000853c       0x16 zephyr/libzephyr.a(log_msg.c.obj)
                0x000000000000853c                z_impl_z_log_msg_simple_create_1
 .text.z_log_msg_static_create
                0x0000000000008552        0x8 zephyr/libzephyr.a(log_msg.c.obj)
 .text.log_output_flush
                0x000000000000855a       0x2e zephyr/libzephyr.a(log_output.c.obj)
 .text.out_func
                0x0000000000008588       0x30 zephyr/libzephyr.a(log_output.c.obj)
 .text.cr_out_func
                0x00000000000085b8       0x1e zephyr/libzephyr.a(log_output.c.obj)
 .text.color_prefix
                0x00000000000085d6        0xc zephyr/libzephyr.a(log_output.c.obj)
 .text.color_postfix
                0x00000000000085e2        0xc zephyr/libzephyr.a(log_output.c.obj)
 .text.postfix_print
                0x00000000000085ee       0x18 zephyr/libzephyr.a(log_output.c.obj)
 .text.log_msg_hexdump
                0x0000000000008606       0x36 zephyr/libzephyr.a(log_output.c.obj)
 .text.log_output_msg_process
                0x000000000000863c       0x66 zephyr/libzephyr.a(log_output.c.obj)
                0x000000000000863c                log_output_msg_process
 .text.log_output_flush
                0x00000000000086a2       0x2e zephyr/libzephyr.a(log_backend_uart.c.obj)
 .text.format_set
                0x00000000000086d0        0xc zephyr/libzephyr.a(log_backend_uart.c.obj)
 .text.log_backend_uart_init
                0x00000000000086dc        0xc zephyr/libzephyr.a(log_backend_uart.c.obj)
 .text.panic    0x00000000000086e8       0x14 zephyr/libzephyr.a(log_backend_uart.c.obj)
 .text.dropped  0x00000000000086fc        0xe zephyr/libzephyr.a(log_backend_uart.c.obj)
 .text.process  0x000000000000870a       0x1c zephyr/libzephyr.a(log_backend_uart.c.obj)
 .text.arch_early_memset
                0x0000000000008726        0x8 zephyr/arch/common/libarch__common.a(init.c.obj)
                0x0000000000008726                arch_early_memset
 .text.arch_early_memcpy
                0x000000000000872e        0x8 zephyr/arch/common/libarch__common.a(init.c.obj)
                0x000000000000872e                arch_early_memcpy
 .text.z_do_kernel_oops
                0x0000000000008736        0xc zephyr/arch/arch/arm/core/libarch__arm__core.a(fatal.c.obj)
                0x0000000000008736                z_do_kernel_oops
 .text.z_arm_nmi
                0x0000000000008742        0xc zephyr/arch/arch/arm/core/libarch__arm__core.a(nmi.c.obj)
                0x0000000000008742                z_arm_nmi
 .text.memory_fault_recoverable
                0x000000000000874e        0x4 zephyr/arch/arch/arm/core/cortex_m/libarch__arm__core__cortex_m.a(fault.c.obj)
 .text.fault_handle
                0x0000000000008752       0x4a zephyr/arch/arch/arm/core/cortex_m/libarch__arm__core__cortex_m.a(fault.c.obj)
 .text.arm_irq_enable
                0x000000000000879c        0xa zephyr/arch/arch/arm/core/cortex_m/libarch__arm__core__cortex_m.a(irq_manage.c.obj)
                0x000000000000879c                arm_irq_enable
 .text.arm_irq_disable
                0x00000000000087a6        0xa zephyr/arch/arch/arm/core/cortex_m/libarch__arm__core__cortex_m.a(irq_manage.c.obj)
                0x00000000000087a6                arm_irq_disable
 .text.arm_irq_priority_set
                0x00000000000087b0        0xc zephyr/arch/arch/arm/core/cortex_m/libarch__arm__core__cortex_m.a(irq_manage.c.obj)
                0x00000000000087b0                arm_irq_priority_set
 .text.z_irq_spurious
                0x00000000000087bc        0xc zephyr/arch/arch/arm/core/cortex_m/libarch__arm__core__cortex_m.a(irq_manage.c.obj)
                0x00000000000087bc                z_irq_spurious
 .text.configure_builtin_stack_guard
                0x00000000000087c8        0xa zephyr/arch/arch/arm/core/cortex_m/libarch__arm__core__cortex_m.a(thread.c.obj)
                0x00000000000087c8                configure_builtin_stack_guard
 .text.arch_coprocessors_disable
                0x00000000000087d2        0x6 zephyr/arch/arch/arm/core/cortex_m/libarch__arm__core__cortex_m.a(thread.c.obj)
                0x00000000000087d2                arch_coprocessors_disable
 .text.arch_irq_unlock_outlined
                0x00000000000087d8        0xe zephyr/arch/arch/arm/core/cortex_m/libarch__arm__core__cortex_m.a(thread.c.obj)
                0x00000000000087d8                arch_irq_unlock_outlined
 .text.arch_cpu_idle
                0x00000000000087e6       0x1a zephyr/arch/arch/arm/core/cortex_m/libarch__arm__core__cortex_m.a(cpu_idle.c.obj)
                0x00000000000087e6                arch_cpu_idle
 .text.arch_cpu_atomic_idle
                0x0000000000008800       0x1e zephyr/arch/arch/arm/core/cortex_m/libarch__arm__core__cortex_m.a(cpu_idle.c.obj)
                0x0000000000008800                arch_cpu_atomic_idle
 .text.arm_cmse_mpu_region_get
                0x000000000000881e       0x14 zephyr/arch/arch/arm/core/cortex_m/cmse/libarch__arm__core__cortex_m__cmse.a(arm_core_cmse.c.obj)
                0x000000000000881e                arm_cmse_mpu_region_get
 .text.region_init
                0x0000000000008832       0x28 zephyr/arch/arch/arm/core/mpu/libarch__arm__core__mpu.a(arm_mpu.c.obj)
 .text.mpu_partition_is_valid
                0x000000000000885a       0x24 zephyr/arch/arch/arm/core/mpu/libarch__arm__core__mpu.a(arm_mpu.c.obj)
 .text.get_region_index
                0x000000000000887e       0x22 zephyr/arch/arch/arm/core/mpu/libarch__arm__core__mpu.a(arm_mpu.c.obj)
 .text.mpu_configure_region
                0x00000000000088a0       0x3e zephyr/arch/arch/arm/core/mpu/libarch__arm__core__mpu.a(arm_mpu.c.obj)
 .text.mpu_configure_regions_from_dt
                0x00000000000088de       0xec zephyr/arch/arch/arm/core/mpu/libarch__arm__core__mpu.a(arm_mpu.c.obj)
 .text.arm_core_mpu_configure_static_mpu_regions
                0x00000000000089ca        0x8 zephyr/arch/arch/arm/core/mpu/libarch__arm__core__mpu.a(arm_mpu.c.obj)
                0x00000000000089ca                arm_core_mpu_configure_static_mpu_regions
 .text.arm_core_mpu_mark_areas_for_dynamic_regions
                0x00000000000089d2        0x8 zephyr/arch/arch/arm/core/mpu/libarch__arm__core__mpu.a(arm_mpu.c.obj)
                0x00000000000089d2                arm_core_mpu_mark_areas_for_dynamic_regions
 .text.cbputc   0x00000000000089da        0xc zephyr/lib/libc/picolibc/liblib__libc__picolibc.a(cbprintf.c.obj)
 .text.picolibc_put
                0x00000000000089e6        0xa zephyr/lib/libc/picolibc/liblib__libc__picolibc.a(stdio.c.obj)
 .text.arch_busy_wait
                0x00000000000089f0        0x8 zephyr/soc/soc/nrf54l15/libsoc__nordic.a(soc.c.obj)
                0x00000000000089f0                arch_busy_wait
 .text.get_sub_data
                0x00000000000089f8        0xe zephyr/drivers/clock_control/libdrivers__clock_control.a(clock_control_nrf.c.obj)
 .text.get_sub_config
                0x0000000000008a06        0xc zephyr/drivers/clock_control/libdrivers__clock_control.a(clock_control_nrf.c.obj)
 .text.get_onoff_manager
                0x0000000000008a12        0xc zephyr/drivers/clock_control/libdrivers__clock_control.a(clock_control_nrf.c.obj)
 .text.get_status
                0x0000000000008a1e       0x10 zephyr/drivers/clock_control/libdrivers__clock_control.a(clock_control_nrf.c.obj)
 .text.set_off_state
                0x0000000000008a2e       0x30 zephyr/drivers/clock_control/libdrivers__clock_control.a(clock_control_nrf.c.obj)
 .text.set_starting_state
                0x0000000000008a5e       0x3a zephyr/drivers/clock_control/libdrivers__clock_control.a(clock_control_nrf.c.obj)
 .text.set_on_state
                0x0000000000008a98       0x24 zephyr/drivers/clock_control/libdrivers__clock_control.a(clock_control_nrf.c.obj)
 .text.clkstarted_handle
                0x0000000000008abc       0x24 zephyr/drivers/clock_control/libdrivers__clock_control.a(clock_control_nrf.c.obj)
 .text.stop     0x0000000000008ae0       0x2a zephyr/drivers/clock_control/libdrivers__clock_control.a(clock_control_nrf.c.obj)
 .text.api_stop
                0x0000000000008b0a        0xa zephyr/drivers/clock_control/libdrivers__clock_control.a(clock_control_nrf.c.obj)
 .text.async_start
                0x0000000000008b14       0x38 zephyr/drivers/clock_control/libdrivers__clock_control.a(clock_control_nrf.c.obj)
 .text.api_start
                0x0000000000008b4c       0x10 zephyr/drivers/clock_control/libdrivers__clock_control.a(clock_control_nrf.c.obj)
 .text.onoff_started_callback
                0x0000000000008b5c       0x10 zephyr/drivers/clock_control/libdrivers__clock_control.a(clock_control_nrf.c.obj)
 .text.hfclk_start
                0x0000000000008b6c        0xa zephyr/drivers/clock_control/libdrivers__clock_control.a(clock_control_nrf.c.obj)
 .text.hfclk_stop
                0x0000000000008b76        0xa zephyr/drivers/clock_control/libdrivers__clock_control.a(clock_control_nrf.c.obj)
 .text.k_msleep
                0x0000000000008b80       0x5c zephyr/drivers/clock_control/libdrivers__clock_control.a(clock_control_nrf.c.obj)
 .text.blocking_start_callback
                0x0000000000008bdc        0xa zephyr/drivers/clock_control/libdrivers__clock_control.a(clock_control_nrf.c.obj)
 .text.lfclk_stop
                0x0000000000008be6        0x8 zephyr/drivers/clock_control/libdrivers__clock_control.a(clock_control_nrf.c.obj)
 .text.lfclk_start
                0x0000000000008bee        0x8 zephyr/drivers/clock_control/libdrivers__clock_control.a(clock_control_nrf.c.obj)
 .text.sys_slist_remove
                0x0000000000008bf6       0x26 zephyr/drivers/gpio/libdrivers__gpio.a(gpio_nrfx.c.obj)
 .text.sys_slist_find_and_remove
                0x0000000000008c1c       0x20 zephyr/drivers/gpio/libdrivers__gpio.a(gpio_nrfx.c.obj)
 .text.nrf_gpio_reconfigure
                0x0000000000008c3c       0xb6 zephyr/drivers/gpio/libdrivers__gpio.a(gpio_nrfx.c.obj)
 .text.nrf_gpio_pin_dir_get
                0x0000000000008cf2       0x1e zephyr/drivers/gpio/libdrivers__gpio.a(gpio_nrfx.c.obj)
 .text.pm_device_driver_init
                0x0000000000008d10       0x24 zephyr/drivers/gpio/libdrivers__gpio.a(gpio_nrfx.c.obj)
 .text.gpio_manage_callback
                0x0000000000008d34       0x3e zephyr/drivers/gpio/libdrivers__gpio.a(gpio_nrfx.c.obj)
 .text.gpio_fire_callbacks
                0x0000000000008d72       0x40 zephyr/drivers/gpio/libdrivers__gpio.a(gpio_nrfx.c.obj)
 .text.has_gpiote
                0x0000000000008db2        0xa zephyr/drivers/gpio/libdrivers__gpio.a(gpio_nrfx.c.obj)
 .text.get_pull
                0x0000000000008dbc       0x18 zephyr/drivers/gpio/libdrivers__gpio.a(gpio_nrfx.c.obj)
 .text.gpio_nrfx_port_get_raw
                0x0000000000008dd4        0xc zephyr/drivers/gpio/libdrivers__gpio.a(gpio_nrfx.c.obj)
 .text.gpio_nrfx_port_set_masked_raw
                0x0000000000008de0       0x14 zephyr/drivers/gpio/libdrivers__gpio.a(gpio_nrfx.c.obj)
 .text.gpio_nrfx_port_set_bits_raw
                0x0000000000008df4        0xa zephyr/drivers/gpio/libdrivers__gpio.a(gpio_nrfx.c.obj)
 .text.gpio_nrfx_port_clear_bits_raw
                0x0000000000008dfe        0xa zephyr/drivers/gpio/libdrivers__gpio.a(gpio_nrfx.c.obj)
 .text.gpio_nrfx_port_toggle_bits
                0x0000000000008e08       0x14 zephyr/drivers/gpio/libdrivers__gpio.a(gpio_nrfx.c.obj)
 .text.get_trigger
                0x0000000000008e1c       0x2c zephyr/drivers/gpio/libdrivers__gpio.a(gpio_nrfx.c.obj)
 .text.gpio_nrfx_manage_callback
                0x0000000000008e48        0xc zephyr/drivers/gpio/libdrivers__gpio.a(gpio_nrfx.c.obj)
 .text.nrfx_gpio_handler
                0x0000000000008e54       0x1e zephyr/drivers/gpio/libdrivers__gpio.a(gpio_nrfx.c.obj)
 .text.gpio_nrfx_pm_hook
                0x0000000000008e72        0x4 zephyr/drivers/gpio/libdrivers__gpio.a(gpio_nrfx.c.obj)
 .text.gpio_nrfx_gpiote_irq_handler
                0x0000000000008e76        0x8 zephyr/drivers/gpio/libdrivers__gpio.a(gpio_nrfx.c.obj)
                0x0000000000008e76                gpio_nrfx_gpiote_irq_handler
 .text.chan_alloc
                0x0000000000008e7e        0xc zephyr/drivers/gpio/libdrivers__gpio.a(gpio_nrfx.c.obj)
 .text.gpio_nrfx_pin_interrupt_configure
                0x0000000000008e8a       0xdc zephyr/drivers/gpio/libdrivers__gpio.a(gpio_nrfx.c.obj)
 .text.gpio_nrfx_pin_configure
                0x0000000000008f66      0x19c zephyr/drivers/gpio/libdrivers__gpio.a(gpio_nrfx.c.obj)
 .text.pinctrl_lookup_state
                0x0000000000009102       0x32 zephyr/drivers/pinctrl/libdrivers__pinctrl.a(common.c.obj)
                0x0000000000009102                pinctrl_lookup_state
 .text.nrf_gpio_pin_set
                0x0000000000009134       0x1a zephyr/drivers/pinctrl/libdrivers__pinctrl.a(pinctrl_nrf.c.obj)
 .text.nrf_gpio_pin_clear
                0x000000000000914e       0x1a zephyr/drivers/pinctrl/libdrivers__pinctrl.a(pinctrl_nrf.c.obj)
 .text.nrf_gpio_pin_write
                0x0000000000009168       0x10 zephyr/drivers/pinctrl/libdrivers__pinctrl.a(pinctrl_nrf.c.obj)
 .text.nrf_gpio_pin_control_select
                0x0000000000009178       0x26 zephyr/drivers/pinctrl/libdrivers__pinctrl.a(pinctrl_nrf.c.obj)
 .text.pm_device_driver_init
                0x000000000000919e       0x24 zephyr/drivers/serial/libdrivers__serial.a(uart_nrfx_uarte.c.obj)
 .text.nrf_uarte_configure
                0x00000000000091c2       0x20 zephyr/drivers/serial/libdrivers__serial.a(uart_nrfx_uarte.c.obj)
 .text.uarte_nrfx_isr_int
                0x00000000000091e2        0xa zephyr/drivers/serial/libdrivers__serial.a(uart_nrfx_uarte.c.obj)
 .text.uarte_nrfx_err_check
                0x00000000000091ec        0xe zephyr/drivers/serial/libdrivers__serial.a(uart_nrfx_uarte.c.obj)
 .text.is_tx_ready
                0x00000000000091fa       0x12 zephyr/drivers/serial/libdrivers__serial.a(uart_nrfx_uarte.c.obj)
 .text.tx_start
                0x000000000000920c       0x1c zephyr/drivers/serial/libdrivers__serial.a(uart_nrfx_uarte.c.obj)
 .text.uarte_nrfx_poll_in
                0x0000000000009228       0x26 zephyr/drivers/serial/libdrivers__serial.a(uart_nrfx_uarte.c.obj)
 .text.uarte_tx_path_init
                0x000000000000924e       0x36 zephyr/drivers/serial/libdrivers__serial.a(uart_nrfx_uarte.c.obj)
 .text.k_msleep
                0x0000000000009284       0x5c zephyr/drivers/serial/libdrivers__serial.a(uart_nrfx_uarte.c.obj)
 .text.wait_tx_ready
                0x00000000000092e0       0x4a zephyr/drivers/serial/libdrivers__serial.a(uart_nrfx_uarte.c.obj)
 .text.pinctrl_apply_state
                0x000000000000932a       0x20 zephyr/drivers/serial/libdrivers__serial.a(uart_nrfx_uarte.c.obj)
 .text.uarte_periph_enable
                0x000000000000934a       0x32 zephyr/drivers/serial/libdrivers__serial.a(uart_nrfx_uarte.c.obj)
 .text.uarte_pm_resume
                0x000000000000937c       0x16 zephyr/drivers/serial/libdrivers__serial.a(uart_nrfx_uarte.c.obj)
 .text.uarte_nrfx_pm_action
                0x0000000000009392       0x14 zephyr/drivers/serial/libdrivers__serial.a(uart_nrfx_uarte.c.obj)
 .text.uarte_instance_deinit
                0x00000000000093a6        0xa zephyr/drivers/serial/libdrivers__serial.a(uart_nrfx_uarte.c.obj)
 .text.uarte_20_init
                0x00000000000093b0       0x1e zephyr/drivers/serial/libdrivers__serial.a(uart_nrfx_uarte.c.obj)
 .text.grtc_post_init
                0x00000000000093ce        0xc zephyr/drivers/timer/libdrivers__timer.a(nrf_grtc_timer.c.obj)
 .text.sys_clock_cycle_get_32
                0x00000000000093da        0x8 zephyr/drivers/timer/libdrivers__timer.a(nrf_grtc_timer.c.obj)
                0x00000000000093da                sys_clock_cycle_get_32
 .text._psa_crypto_init
                0x00000000000093e2       0x20 modules/nrf/subsys/nrf_security/src/zephyr/libmbedtls_zephyr.a(psa_crypto_init.c.obj)
 .text.nrfx_isr
                0x0000000000009402        0xa modules/hal_nordic/modules/hal_nordic/nrfx/libmodules__hal_nordic__nrfx.a(nrfx_glue.c.obj)
                0x0000000000009402                nrfx_isr
 .text.nrfx_busy_wait
                0x000000000000940c        0x8 modules/hal_nordic/modules/hal_nordic/nrfx/libmodules__hal_nordic__nrfx.a(nrfx_glue.c.obj)
                0x000000000000940c                nrfx_busy_wait
 .text.nrfx_flag32_alloc
                0x0000000000009414       0x42 modules/hal_nordic/modules/hal_nordic/nrfx/libmodules__hal_nordic__nrfx.a(nrfx_flag32_allocator.c.obj)
                0x0000000000009414                nrfx_flag32_alloc
 .text.nrfx_flag32_free
                0x0000000000009456       0x34 modules/hal_nordic/modules/hal_nordic/nrfx/libmodules__hal_nordic__nrfx.a(nrfx_flag32_allocator.c.obj)
                0x0000000000009456                nrfx_flag32_free
 .text.nrfx_power_clock_irq_init
                0x000000000000948a       0x18 modules/hal_nordic/modules/hal_nordic/nrfx/libmodules__hal_nordic__nrfx.a(nrfx_clock.c.obj)
 .text.nrfx_clock_start
                0x00000000000094a2       0x16 modules/hal_nordic/modules/hal_nordic/nrfx/libmodules__hal_nordic__nrfx.a(nrfx_clock.c.obj)
                0x00000000000094a2                nrfx_clock_start
 .text.nrfx_clock_stop
                0x00000000000094b8       0x14 modules/hal_nordic/modules/hal_nordic/nrfx/libmodules__hal_nordic__nrfx.a(nrfx_clock.c.obj)
                0x00000000000094b8                nrfx_clock_stop
 .text.CLOCK_POWER_IRQHandler
                0x00000000000094cc        0xc modules/hal_nordic/modules/hal_nordic/nrfx/libmodules__hal_nordic__nrfx.a(nrfx_clock.c.obj)
                0x00000000000094cc                CLOCK_POWER_IRQHandler
 .text.clock_initial_lfclksrc_get
                0x00000000000094d8        0x4 modules/hal_nordic/modules/hal_nordic/nrfx/libmodules__hal_nordic__nrfx.a(nrfx_clock_lfclk.c.obj)
 .text.clock_lfclksrc_tweak
                0x00000000000094dc       0x2a modules/hal_nordic/modules/hal_nordic/nrfx/libmodules__hal_nordic__nrfx.a(nrfx_clock_lfclk.c.obj)
 .text.nrfx_clock_lfclk_stop
                0x0000000000009506        0x8 modules/hal_nordic/modules/hal_nordic/nrfx/libmodules__hal_nordic__nrfx.a(nrfx_clock_lfclk.c.obj)
                0x0000000000009506                nrfx_clock_lfclk_stop
 .text.nrfx_clock_xo_stop
                0x000000000000950e        0x8 modules/hal_nordic/modules/hal_nordic/nrfx/libmodules__hal_nordic__nrfx.a(nrfx_clock_xo.c.obj)
                0x000000000000950e                nrfx_clock_xo_stop
 .text.nrf_gpiote_event_configure
                0x0000000000009516       0x38 modules/hal_nordic/modules/hal_nordic/nrfx/libmodules__hal_nordic__nrfx.a(nrfx_gpiote.c.obj)
 .text.__nrfy_internal_gpiote_event_handle
                0x000000000000954e       0x3a modules/hal_nordic/modules/hal_nordic/nrfx/libmodules__hal_nordic__nrfx.a(nrfx_gpiote.c.obj)
 .text.__nrfy_internal_gpiote_events_process
                0x0000000000009588       0x44 modules/hal_nordic/modules/hal_nordic/nrfx/libmodules__hal_nordic__nrfx.a(nrfx_gpiote.c.obj)
 .text.nrf_gpio_reconfigure
                0x00000000000095cc       0xb6 modules/hal_nordic/modules/hal_nordic/nrfx/libmodules__hal_nordic__nrfx.a(nrfx_gpiote.c.obj)
 .text.nrf_gpio_cfg_sense_set
                0x0000000000009682       0x20 modules/hal_nordic/modules/hal_nordic/nrfx/libmodules__hal_nordic__nrfx.a(nrfx_gpiote.c.obj)
 .text.nrf_gpio_pin_read
                0x00000000000096a2       0x1c modules/hal_nordic/modules/hal_nordic/nrfx/libmodules__hal_nordic__nrfx.a(nrfx_gpiote.c.obj)
 .text.nrf_gpio_pin_sense_get
                0x00000000000096be       0x1e modules/hal_nordic/modules/hal_nordic/nrfx/libmodules__hal_nordic__nrfx.a(nrfx_gpiote.c.obj)
 .text.nrf_gpio_pin_latch_clear
                0x00000000000096dc       0x1a modules/hal_nordic/modules/hal_nordic/nrfx/libmodules__hal_nordic__nrfx.a(nrfx_gpiote.c.obj)
 .text.pin_in_use
                0x00000000000096f6       0x18 modules/hal_nordic/modules/hal_nordic/nrfx/libmodules__hal_nordic__nrfx.a(nrfx_gpiote.c.obj)
 .text.pin_in_use_by_te
                0x000000000000970e       0x18 modules/hal_nordic/modules/hal_nordic/nrfx/libmodules__hal_nordic__nrfx.a(nrfx_gpiote.c.obj)
 .text.pin_has_trigger
                0x0000000000009726       0x1c modules/hal_nordic/modules/hal_nordic/nrfx/libmodules__hal_nordic__nrfx.a(nrfx_gpiote.c.obj)
 .text.pin_is_output
                0x0000000000009742       0x18 modules/hal_nordic/modules/hal_nordic/nrfx/libmodules__hal_nordic__nrfx.a(nrfx_gpiote.c.obj)
 .text.pin_is_task_output
                0x000000000000975a       0x22 modules/hal_nordic/modules/hal_nordic/nrfx/libmodules__hal_nordic__nrfx.a(nrfx_gpiote.c.obj)
 .text.pin_is_input
                0x000000000000977c        0xe modules/hal_nordic/modules/hal_nordic/nrfx/libmodules__hal_nordic__nrfx.a(nrfx_gpiote.c.obj)
 .text.gpiote_polarity_to_trigger
                0x000000000000978a        0x2 modules/hal_nordic/modules/hal_nordic/nrfx/libmodules__hal_nordic__nrfx.a(nrfx_gpiote.c.obj)
 .text.gpiote_trigger_to_polarity
                0x000000000000978c        0x2 modules/hal_nordic/modules/hal_nordic/nrfx/libmodules__hal_nordic__nrfx.a(nrfx_gpiote.c.obj)
 .text.pin_te_get
                0x000000000000978e       0x16 modules/hal_nordic/modules/hal_nordic/nrfx/libmodules__hal_nordic__nrfx.a(nrfx_gpiote.c.obj)
 .text.is_level
                0x00000000000097a4        0xa modules/hal_nordic/modules/hal_nordic/nrfx/libmodules__hal_nordic__nrfx.a(nrfx_gpiote.c.obj)
 .text.handler_in_use
                0x00000000000097ae       0x30 modules/hal_nordic/modules/hal_nordic/nrfx/libmodules__hal_nordic__nrfx.a(nrfx_gpiote.c.obj)
 .text.pin_trigger_disable
                0x00000000000097de       0x46 modules/hal_nordic/modules/hal_nordic/nrfx/libmodules__hal_nordic__nrfx.a(nrfx_gpiote.c.obj)
 .text.find_handler
                0x0000000000009824       0x34 modules/hal_nordic/modules/hal_nordic/nrfx/libmodules__hal_nordic__nrfx.a(nrfx_gpiote.c.obj)
 .text.get_initial_sense
                0x0000000000009858       0x38 modules/hal_nordic/modules/hal_nordic/nrfx/libmodules__hal_nordic__nrfx.a(nrfx_gpiote.c.obj)
 .text.channel_handler_get
                0x0000000000009890       0x24 modules/hal_nordic/modules/hal_nordic/nrfx/libmodules__hal_nordic__nrfx.a(nrfx_gpiote.c.obj)
 .text.gpiote_output_configure
                0x00000000000098b4       0xe0 modules/hal_nordic/modules/hal_nordic/nrfx/libmodules__hal_nordic__nrfx.a(nrfx_gpiote.c.obj)
 .text.gpiote_global_callback_set
                0x0000000000009994        0x6 modules/hal_nordic/modules/hal_nordic/nrfx/libmodules__hal_nordic__nrfx.a(nrfx_gpiote.c.obj)
 .text.gpiote_channel_get
                0x000000000000999a       0x2a modules/hal_nordic/modules/hal_nordic/nrfx/libmodules__hal_nordic__nrfx.a(nrfx_gpiote.c.obj)
 .text.gpiote_init_check
                0x00000000000099c4        0xc modules/hal_nordic/modules/hal_nordic/nrfx/libmodules__hal_nordic__nrfx.a(nrfx_gpiote.c.obj)
 .text.pin_trigger_enable
                0x00000000000099d0       0x76 modules/hal_nordic/modules/hal_nordic/nrfx/libmodules__hal_nordic__nrfx.a(nrfx_gpiote.c.obj)
 .text.call_handler
                0x0000000000009a46       0x26 modules/hal_nordic/modules/hal_nordic/nrfx/libmodules__hal_nordic__nrfx.a(nrfx_gpiote.c.obj)
 .text.next_sense_cond_call_handler
                0x0000000000009a6c       0x6c modules/hal_nordic/modules/hal_nordic/nrfx/libmodules__hal_nordic__nrfx.a(nrfx_gpiote.c.obj)
 .text.pin_channel_alloc
                0x0000000000009ad8       0x10 modules/hal_nordic/modules/hal_nordic/nrfx/libmodules__hal_nordic__nrfx.a(nrfx_gpiote.c.obj)
 .text.release_handler
                0x0000000000009ae8       0x4c modules/hal_nordic/modules/hal_nordic/nrfx/libmodules__hal_nordic__nrfx.a(nrfx_gpiote.c.obj)
 .text.pin_handler_set
                0x0000000000009b34       0x5e modules/hal_nordic/modules/hal_nordic/nrfx/libmodules__hal_nordic__nrfx.a(nrfx_gpiote.c.obj)
 .text.gpiote_input_configure
                0x0000000000009b92      0x14c modules/hal_nordic/modules/hal_nordic/nrfx/libmodules__hal_nordic__nrfx.a(nrfx_gpiote.c.obj)
 .text.pin_handler_trigger_uninit
                0x0000000000009cde       0x3e modules/hal_nordic/modules/hal_nordic/nrfx/libmodules__hal_nordic__nrfx.a(nrfx_gpiote.c.obj)
 .text.pin_uninit
                0x0000000000009d1c       0x2c modules/hal_nordic/modules/hal_nordic/nrfx/libmodules__hal_nordic__nrfx.a(nrfx_gpiote.c.obj)
 .text.pin_channel_free
                0x0000000000009d48       0x14 modules/hal_nordic/modules/hal_nordic/nrfx/libmodules__hal_nordic__nrfx.a(nrfx_gpiote.c.obj)
 .text.gpiote_init
                0x0000000000009d5c       0x4a modules/hal_nordic/modules/hal_nordic/nrfx/libmodules__hal_nordic__nrfx.a(nrfx_gpiote.c.obj)
 .text.gpiote_evt_handle
                0x0000000000009da6       0x42 modules/hal_nordic/modules/hal_nordic/nrfx/libmodules__hal_nordic__nrfx.a(nrfx_gpiote.c.obj)
 .text.irq_handler
                0x0000000000009de8       0x46 modules/hal_nordic/modules/hal_nordic/nrfx/libmodules__hal_nordic__nrfx.a(nrfx_gpiote.c.obj)
 .text.nrfx_gpiote_input_configure
                0x0000000000009e2e        0x8 modules/hal_nordic/modules/hal_nordic/nrfx/libmodules__hal_nordic__nrfx.a(nrfx_gpiote.c.obj)
                0x0000000000009e2e                nrfx_gpiote_input_configure
 .text.nrfx_gpiote_output_configure
                0x0000000000009e36        0x8 modules/hal_nordic/modules/hal_nordic/nrfx/libmodules__hal_nordic__nrfx.a(nrfx_gpiote.c.obj)
                0x0000000000009e36                nrfx_gpiote_output_configure
 .text.nrfx_gpiote_global_callback_set
                0x0000000000009e3e        0x8 modules/hal_nordic/modules/hal_nordic/nrfx/libmodules__hal_nordic__nrfx.a(nrfx_gpiote.c.obj)
                0x0000000000009e3e                nrfx_gpiote_global_callback_set
 .text.nrfx_gpiote_channel_get
                0x0000000000009e46        0x8 modules/hal_nordic/modules/hal_nordic/nrfx/libmodules__hal_nordic__nrfx.a(nrfx_gpiote.c.obj)
                0x0000000000009e46                nrfx_gpiote_channel_get
 .text.nrfx_gpiote_init
                0x0000000000009e4e        0x8 modules/hal_nordic/modules/hal_nordic/nrfx/libmodules__hal_nordic__nrfx.a(nrfx_gpiote.c.obj)
                0x0000000000009e4e                nrfx_gpiote_init
 .text.nrfx_gpiote_init_check
                0x0000000000009e56        0x8 modules/hal_nordic/modules/hal_nordic/nrfx/libmodules__hal_nordic__nrfx.a(nrfx_gpiote.c.obj)
                0x0000000000009e56                nrfx_gpiote_init_check
 .text.nrfx_gpiote_pin_uninit
                0x0000000000009e5e        0x8 modules/hal_nordic/modules/hal_nordic/nrfx/libmodules__hal_nordic__nrfx.a(nrfx_gpiote.c.obj)
                0x0000000000009e5e                nrfx_gpiote_pin_uninit
 .text.nrfx_gpiote_channel_free
                0x0000000000009e66        0x8 modules/hal_nordic/modules/hal_nordic/nrfx/libmodules__hal_nordic__nrfx.a(nrfx_gpiote.c.obj)
                0x0000000000009e66                nrfx_gpiote_channel_free
 .text.nrfx_gpiote_channel_alloc
                0x0000000000009e6e       0x12 modules/hal_nordic/modules/hal_nordic/nrfx/libmodules__hal_nordic__nrfx.a(nrfx_gpiote.c.obj)
                0x0000000000009e6e                nrfx_gpiote_channel_alloc
 .text.nrfx_gpiote_trigger_enable
                0x0000000000009e80        0x8 modules/hal_nordic/modules/hal_nordic/nrfx/libmodules__hal_nordic__nrfx.a(nrfx_gpiote.c.obj)
                0x0000000000009e80                nrfx_gpiote_trigger_enable
 .text.nrfx_gpiote_trigger_disable
                0x0000000000009e88        0x8 modules/hal_nordic/modules/hal_nordic/nrfx/libmodules__hal_nordic__nrfx.a(nrfx_gpiote.c.obj)
                0x0000000000009e88                nrfx_gpiote_trigger_disable
 .text.nrfx_gpiote_irq_handler
                0x0000000000009e90        0xe modules/hal_nordic/modules/hal_nordic/nrfx/libmodules__hal_nordic__nrfx.a(nrfx_gpiote.c.obj)
                0x0000000000009e90                nrfx_gpiote_irq_handler
 .text.nrfy_grtc_sys_counter_start
                0x0000000000009e9e       0x42 modules/hal_nordic/modules/hal_nordic/nrfx/libmodules__hal_nordic__nrfx.a(nrfx_grtc.c.obj)
 .text.num_of_channels_get
                0x0000000000009ee0       0x16 modules/hal_nordic/modules/hal_nordic/nrfx/libmodules__hal_nordic__nrfx.a(nrfx_grtc.c.obj)
 .text.get_channel_for_ch_data_idx
                0x0000000000009ef6       0x2a modules/hal_nordic/modules/hal_nordic/nrfx/libmodules__hal_nordic__nrfx.a(nrfx_grtc.c.obj)
 .text.nrfy_grtc_int_init
                0x0000000000009f20       0x40 modules/hal_nordic/modules/hal_nordic/nrfx/libmodules__hal_nordic__nrfx.a(nrfx_grtc.c.obj)
 .text.GRTC_2_IRQHandler
                0x0000000000009f60        0x8 modules/hal_nordic/modules/hal_nordic/nrfx/libmodules__hal_nordic__nrfx.a(nrfx_grtc.c.obj)
                0x0000000000009f60                GRTC_2_IRQHandler
 .text.z_impl_k_busy_wait
                0x0000000000009f68        0xc zephyr/kernel/libkernel.a(busy_wait.c.obj)
                0x0000000000009f68                z_impl_k_busy_wait
 .text.do_device_init
                0x0000000000009f74       0x32 zephyr/kernel/libkernel.a(device.c.obj)
                0x0000000000009f74                do_device_init
 .text.z_impl_device_is_ready
                0x0000000000009fa6       0x20 zephyr/kernel/libkernel.a(device.c.obj)
                0x0000000000009fa6                z_impl_device_is_ready
 .text.arch_system_halt
                0x0000000000009fc6       0x10 zephyr/kernel/libkernel.a(fatal.c.obj)
                0x0000000000009fc6                arch_system_halt
 .text.idle     0x0000000000009fd6       0x16 zephyr/kernel/libkernel.a(idle.c.obj)
                0x0000000000009fd6                idle
 .text.arch_spin_relax
                0x0000000000009fec        0x4 zephyr/kernel/libkernel.a(idle.c.obj)
                0x0000000000009fec                arch_spin_relax
 .text.new_prio_for_inheritance
                0x0000000000009ff0       0x16 zephyr/kernel/libkernel.a(mutex.c.obj)
 .text.adjust_owner_prio
                0x000000000000a006       0x16 zephyr/kernel/libkernel.a(mutex.c.obj)
 .text.z_impl_k_sem_init
                0x000000000000a01c       0x1e zephyr/kernel/libkernel.a(sem.c.obj)
                0x000000000000a01c                z_impl_k_sem_init
 .text.setup_thread_stack
                0x000000000000a03a       0x2a zephyr/kernel/libkernel.a(thread.c.obj)
 .text.k_is_in_isr
                0x000000000000a064        0xc zephyr/kernel/libkernel.a(thread.c.obj)
                0x000000000000a064                k_is_in_isr
 .text.k_thread_name_get
                0x000000000000a070        0x4 zephyr/kernel/libkernel.a(thread.c.obj)
                0x000000000000a070                k_thread_name_get
 .text.z_init_thread_base
                0x000000000000a074       0x16 zephyr/kernel/libkernel.a(thread.c.obj)
                0x000000000000a074                z_init_thread_base
 .text.z_impl_k_thread_create
                0x000000000000a08a       0x44 zephyr/kernel/libkernel.a(thread.c.obj)
                0x000000000000a08a                z_impl_k_thread_create
 .text.thread_active_elsewhere
                0x000000000000a0ce        0x4 zephyr/kernel/libkernel.a(sched.c.obj)
 .text.add_to_waitq_locked
                0x000000000000a0d2       0x64 zephyr/kernel/libkernel.a(sched.c.obj)
 .text.z_abort_thread_timeout
                0x000000000000a136        0xa zephyr/kernel/libkernel.a(sched.c.obj)
 .text.unpend_all
                0x000000000000a140       0x46 zephyr/kernel/libkernel.a(sched.c.obj)
 .text.pend_locked
                0x000000000000a186       0x18 zephyr/kernel/libkernel.a(sched.c.obj)
 .text.z_ready_thread
                0x000000000000a19e       0x36 zephyr/kernel/libkernel.a(sched.c.obj)
                0x000000000000a19e                z_ready_thread
 .text.z_unpend_thread_no_timeout
                0x000000000000a1d4       0x40 zephyr/kernel/libkernel.a(sched.c.obj)
                0x000000000000a1d4                z_unpend_thread_no_timeout
 .text.z_sched_wake_thread